 MiniVisorDxe

 Timestamp is 64c446bd (Fri Jul 28 22:52:45 2023)

 Preferred load address is 0000000000000000

 Start         Length     Name                   Class
 0001:00000000 00000200H .text                   CODE
 0001:00000200 0000dad1H .text$mn                CODE
 0002:00000000 000046c8H .rdata                  DATA
 0002:000046c8 00000090H .rdata$voltmd           DATA
 0002:00004758 00000154H .rdata$zzzdbg           DATA
 0003:00000000 00001000H .data                   DATA
 0003:00001000 002060f0H .bss                    DATA
 0004:00000000 000007f8H .pdata                  DATA
 0005:00000000 000001f0H .xdata                  DATA

  Address         Publics by Value              Rva+Base               Lib:Object

 0000:00000000       __AbsoluteZero             0000000000000000     <absolute>
 0000:00000000       __arm64x_extra_rfe_table   0000000000000000     <absolute>
 0000:00000000       __arm64x_extra_rfe_table_size 0000000000000000     <absolute>
 0000:00000000       __arm64x_native_entrypoint 0000000000000000     <absolute>
 0000:00000000       __arm64x_redirection_metadata 0000000000000000     <absolute>
 0000:00000000       __arm64x_redirection_metadata_count 0000000000000000     <absolute>
 0000:00000000       __dynamic_value_reloc_table 0000000000000000     <absolute>
 0000:00000000       __enclave_config           0000000000000000     <absolute>
 0000:00000000       __guard_check_icall_a64n_fptr 0000000000000000     <absolute>
 0000:00000000       __guard_eh_cont_count      0000000000000000     <absolute>
 0000:00000000       __guard_eh_cont_table      0000000000000000     <absolute>
 0000:00000000       __guard_fids_count         0000000000000000     <absolute>
 0000:00000000       __guard_fids_table         0000000000000000     <absolute>
 0000:00000000       __guard_flags              0000000000000000     <absolute>
 0000:00000000       __guard_iat_count          0000000000000000     <absolute>
 0000:00000000       __guard_iat_table          0000000000000000     <absolute>
 0000:00000000       __guard_longjmp_count      0000000000000000     <absolute>
 0000:00000000       __guard_longjmp_table      0000000000000000     <absolute>
 0000:00000000       __hybrid_auxiliary_iat     0000000000000000     <absolute>
 0000:00000000       __hybrid_auxiliary_iat_copy 0000000000000000     <absolute>
 0000:00000000       __hybrid_code_map          0000000000000000     <absolute>
 0000:00000000       __hybrid_code_map_count    0000000000000000     <absolute>
 0000:00000000       __x64_code_ranges_to_entry_points 0000000000000000     <absolute>
 0000:00000000       __x64_code_ranges_to_entry_points_count 0000000000000000     <absolute>
 0000:00000000       __ImageBase                0000000000000000     <linker-defined>
 0001:00000000       InternalMemZeroMem         0000000000001000     BaseMemoryLibOptDxe:ZeroMem.obj
 0001:00000030       InternalMemCopyMem         0000000000001030     BaseMemoryLibOptDxe:CopyMem.obj
 0001:000000c0       AsmReadCs                  00000000000010c0     BaseLib:ReadCs.obj
 0001:000000d0       AsmReadDs                  00000000000010d0     BaseLib:ReadDs.obj
 0001:000000e0       AsmReadEs                  00000000000010e0     BaseLib:ReadEs.obj
 0001:000000f0       AsmReadFs                  00000000000010f0     BaseLib:ReadFs.obj
 0001:00000100       AsmReadGs                  0000000000001100     BaseLib:ReadGs.obj
 0001:00000110       AsmReadSs                  0000000000001110     BaseLib:ReadSs.obj
 0001:00000120       AsmReadTr                  0000000000001120     BaseLib:ReadTr.obj
 0001:00000130       AsmReadLdtr                0000000000001130     BaseLib:ReadLdtr.obj
 0001:00000140       AsmWriteTr                 0000000000001140     BaseLib:WriteTr.obj
 0001:00000150       CpuPause                   0000000000001150     BaseLib:CpuPause.obj
 0001:00000160       InternalMemSetMem          0000000000001160     BaseMemoryLibOptDxe:SetMem.obj
 0001:000001a0       InternalMemSetMem32        00000000000011a0     BaseMemoryLibOptDxe:SetMem32.obj
 0001:000001b0       InternalMemSetMem64        00000000000011b0     BaseMemoryLibOptDxe:SetMem64.obj
 0001:000001d0       AsmCpuid                   00000000000011d0     BaseLib:CpuId.obj
 0001:00000200       _DriverUnloadHandler       0000000000001200 f   UefiDriverEntryPoint:DriverEntryPoint.obj
 0001:00000240       _ModuleEntryPoint          0000000000001240 f   UefiDriverEntryPoint:DriverEntryPoint.obj
 0001:00000370       ProcessLibraryConstructorList 0000000000001370 f   MiniVisorDxe:AutoGen.obj
 0001:00000620       ProcessLibraryDestructorList 0000000000001620 f   MiniVisorDxe:AutoGen.obj
 0001:00000630       ProcessModuleEntryPointList 0000000000001630 f   MiniVisorDxe:AutoGen.obj
 0001:00000660       ProcessModuleUnloadList    0000000000001660 f   MiniVisorDxe:AutoGen.obj
 0001:00000680       AcquireSystemSpinLock      0000000000001680 f   MiniVisorDxe:EfiPlatform.obj
 0001:000006a0       AllocateSystemMemory       00000000000016a0 f   MiniVisorDxe:EfiPlatform.obj
 0001:000006f0       CleanupPlatform            00000000000016f0 f   MiniVisorDxe:EfiPlatform.obj
 0001:00000820       DriverEntry                0000000000001820 f   MiniVisorDxe:EfiPlatform.obj
 0001:000008c0       DriverUnload               00000000000018c0 f   MiniVisorDxe:EfiPlatform.obj
 0001:000008e0       FreeReservedVirtualAddress 00000000000018e0 f   MiniVisorDxe:EfiPlatform.obj
 0001:00000910       FreeSystemMemory           0000000000001910 f   MiniVisorDxe:EfiPlatform.obj
 0001:00000940       GetActiveProcessorCount    0000000000001940 f   MiniVisorDxe:EfiPlatform.obj
 0001:000009b0       GetCurrentProcessorNumber  00000000000019b0 f   MiniVisorDxe:EfiPlatform.obj
 0001:00000a20       GetPhysicalAddress         0000000000001a20 f   MiniVisorDxe:EfiPlatform.obj
 0001:00000a20       GetVirtualAddress          0000000000001a20 f   MiniVisorDxe:EfiPlatform.obj
 0001:00000a30       InitializePlatform         0000000000001a30 f   MiniVisorDxe:EfiPlatform.obj
 0001:00000b30       InitializeSystemSpinLock   0000000000001b30 f   MiniVisorDxe:EfiPlatform.obj
 0001:00000c70       ReleaseSystemSpinLock      0000000000001c70 f   MiniVisorDxe:EfiPlatform.obj
 0001:00000cc0       ReserveVirtualAddress      0000000000001cc0 f   MiniVisorDxe:EfiPlatform.obj
 0001:00000ce0       RunOnAllProcessors         0000000000001ce0 f   MiniVisorDxe:EfiPlatform.obj
 0001:00000d80       CleanupLogger              0000000000001d80 f   MiniVisorDxe:EfiLogger.obj
 0001:00000e00       InitializeLogger           0000000000001e00 f   MiniVisorDxe:EfiLogger.obj
 0001:00000e40       LogEarlyErrorMessage       0000000000001e40 f   MiniVisorDxe:EfiLogger.obj
 0001:00000e90       LogMessage                 0000000000001e90 f   MiniVisorDxe:EfiLogger.obj
 0001:000012f0       CleanupMiniVisor           00000000000022f0 f   MiniVisorDxe:MiniVisor.obj
 0001:00001940       InitializeMiniVisor        0000000000002940 f   MiniVisorDxe:MiniVisor.obj
 0001:00002b90       AsmHypervisorEntryPoint    0000000000003b90 f   MiniVisorDxe:Asm.obj
 0001:00002c6d       AsmInvept                  0000000000003c6d f   MiniVisorDxe:Asm.obj
 0001:00002c8a       AsmInvvpid                 0000000000003c8a f   MiniVisorDxe:Asm.obj
 0001:00002ca7       AsmLoadAccessRightsByte    0000000000003ca7 f   MiniVisorDxe:Asm.obj
 0001:00002cb1       AsmVmxCall                 0000000000003cb1 f   MiniVisorDxe:Asm.obj
 0001:00002cb5       AsmGetCurrentInstructionPointer 0000000000003cb5 f   MiniVisorDxe:Asm.obj
 0001:00002cba       AsmGetCurrentStackPointer  0000000000003cba f   MiniVisorDxe:Asm.obj
 0001:00002cd0       CleanupGdt                 0000000000003cd0 f   MiniVisorDxe:EfiHostInitialization.obj
 0001:00002d40       GetHostCr3                 0000000000003d40 f   MiniVisorDxe:EfiHostInitialization.obj
 0001:00002d50       GetHostIdtr                0000000000003d50 f   MiniVisorDxe:EfiHostInitialization.obj
 0001:00002d60       InitializeGdt              0000000000003d60 f   MiniVisorDxe:EfiHostInitialization.obj
 0001:00002f70       InitializeHostEnvironment  0000000000003f70 f   MiniVisorDxe:EfiHostInitialization.obj
 0001:00003410       IsVmxAvailableEx           0000000000004410 f   MiniVisorDxe:EfiHostInitialization.obj
 0001:00003990       CleanupExtendedPageTables  0000000000004990 f   MiniVisorDxe:ExtendedPageTables.obj
 0001:00003ae0       InitializeExtendedPageTables 0000000000004ae0 f   MiniVisorDxe:ExtendedPageTables.obj
 0001:00003c00       InvalidateEptDerivedCache  0000000000004c00 f   MiniVisorDxe:ExtendedPageTables.obj
 0001:00003ca0       InvalidateVpidDerivedCache 0000000000004ca0 f   MiniVisorDxe:ExtendedPageTables.obj
 0001:00003d50       MmAllocatePages            0000000000004d50 f   MiniVisorDxe:MemoryManager.obj
 0001:00003e30       MmCleanupMemoryManager     0000000000004e30 f   MiniVisorDxe:MemoryManager.obj
 0001:000040f0       MmFreePages                00000000000050f0 f   MiniVisorDxe:MemoryManager.obj
 0001:00004300       MmInitializeMemoryManager  0000000000005300 f   MiniVisorDxe:MemoryManager.obj
 0001:000045d0       GetMemoryTypeForRange      00000000000055d0 f   MiniVisorDxe:MemoryType.obj
 0001:00004710       InitializeMemoryTypeMapping 0000000000005710 f   MiniVisorDxe:MemoryType.obj
 0001:00004c70       AdjustGuestCr0             0000000000005c70 f   MiniVisorDxe:HostUtils.obj
 0001:00004d30       AdjustGuestCr4             0000000000005d30 f   MiniVisorDxe:HostUtils.obj
 0001:00004d50       AdvanceGuestInstructionPointer 0000000000005d50 f   MiniVisorDxe:HostUtils.obj
 0001:00004da0       DumpControl                0000000000005da0 f   MiniVisorDxe:HostUtils.obj
 0001:00005580       DumpGuestState             0000000000006580 f   MiniVisorDxe:HostUtils.obj
 0001:00005ed0       DumpHostState              0000000000006ed0 f   MiniVisorDxe:HostUtils.obj
 0001:00006230       FindImageBase              0000000000007230 f   MiniVisorDxe:HostUtils.obj
 0001:000062e0       InjectInterruption         00000000000072e0 f   MiniVisorDxe:HostUtils.obj
 0001:00006390       IsGuestInKernelMode        0000000000007390 f   MiniVisorDxe:HostUtils.obj
 0001:000063d0       SetNmiWindowExiting        00000000000073d0 f   MiniVisorDxe:HostUtils.obj
 0001:00006420       SwitchGuestPagingMode      0000000000007420 f   MiniVisorDxe:HostUtils.obj
 0001:000064e0       UpdateMsrBitmaps           00000000000074e0 f   MiniVisorDxe:HostUtils.obj
 0001:000066a0       VmxRead                    00000000000076a0 f   MiniVisorDxe:HostUtils.obj
 0001:00006720       VmxWrite                   0000000000007720 f   MiniVisorDxe:HostUtils.obj
 0001:00006790       AdjustCr0                  0000000000007790 f   MiniVisorDxe:Ia32Utils.obj
 0001:00006800       AdjustCr4                  0000000000007800 f   MiniVisorDxe:Ia32Utils.obj
 0001:00006870       ComputeAddressFromIndexes  0000000000007870 f   MiniVisorDxe:Ia32Utils.obj
 0001:00006940       GetSegmentAccessRight      0000000000007940 f   MiniVisorDxe:Ia32Utils.obj
 0001:00006a30       GetSegmentBase             0000000000007a30 f   MiniVisorDxe:Ia32Utils.obj
 0001:00006c20       IsHypervisorPresent        0000000000007c20 f   MiniVisorDxe:Ia32Utils.obj
 0001:00006cf0       CleanupMemoryAccess        0000000000007cf0 f   MiniVisorDxe:MemoryAccess.obj
 0001:00006d90       GetPhysicalAddressForGuest 0000000000007d90 f   MiniVisorDxe:MemoryAccess.obj
 0001:00007560       InitializeMemoryAccess     0000000000008560 f   MiniVisorDxe:MemoryAccess.obj
 0001:00007880       ReadGuestVirtualAddress    0000000000008880 f   MiniVisorDxe:MemoryAccess.obj
 0001:00008590       HandleHostException        0000000000009590 f   MiniVisorDxe:HostMain.obj
 0001:00009000       HandleVmExit               000000000000a000 f   MiniVisorDxe:HostMain.obj
 0001:00009250       HandleVmExitFailure        000000000000a250 f   MiniVisorDxe:HostMain.obj
 0001:00009590       AsmDefaultExceptionHandlers 000000000000a590 f   MiniVisorDxe:EfiAsm.obj
 0001:00009fe3       AsmCommonExceptionHandler  000000000000afe3 f   MiniVisorDxe:EfiAsm.obj
 0001:0000a030       RtlAreBitsClear            000000000000b030 f   MiniVisorDxe:EfiBitmap.obj
 0001:0000a0e0       RtlClearBits               000000000000b0e0 f   MiniVisorDxe:EfiBitmap.obj
 0001:0000a110       RtlFindClearBitsAndSet     000000000000b110 f   MiniVisorDxe:EfiBitmap.obj
 0001:0000a180       RtlInitializeBitMap        000000000000b180 f   MiniVisorDxe:EfiBitmap.obj
 0001:0000a1d0       HandleVmcallUninstall      000000000000b1d0 f   MiniVisorDxe:HostVmcall.obj
 0001:0000a2d0       ZeroMem                    000000000000b2d0 f   BaseMemoryLibOptDxe:ZeroMemWrapper.obj
 0001:0000a380       CopyMem                    000000000000b380 f   BaseMemoryLibOptDxe:CopyMemWrapper.obj
 0001:0000a460       CpuDeadLoop                000000000000b460 f   BaseLib:CpuDeadLoop.obj
 0001:0000a490       AsciiStrCmp                000000000000b490 f   BaseLib:String.obj
 0001:0000a570       AsciiStrLen                000000000000b570 f   BaseLib:String.obj
 0001:0000a630       AsciiStrSize               000000000000b630 f   BaseLib:String.obj
 0001:0000a650       AsciiStrnLenS              000000000000b650 f   BaseLib:SafeString.obj
 0001:0000a6c0       StrnLenS                   000000000000b6c0 f   BaseLib:SafeString.obj
 0001:0000a770       MultU64x32                 000000000000b770 f   BaseLib:MultU64x32.obj
 0001:0000a7a0       DivU64x32                  000000000000b7a0 f   BaseLib:DivU64x32.obj
 0001:0000a800       InternalMathDivRemU64x32   000000000000b800 f   BaseLib:Math64.obj
 0001:0000a860       InternalMathDivU64x32      000000000000b860 f   BaseLib:Math64.obj
 0001:0000a890       InternalMathMultU64x32     000000000000b890 f   BaseLib:Math64.obj
 0001:0000a8b0       AsciiBSPrint               000000000000b8b0 f   BasePrintLib:PrintLib.obj
 0001:0000a900       AsciiSPrint                000000000000b900 f   BasePrintLib:PrintLib.obj
 0001:0000a960       AsciiVSPrint               000000000000b960 f   BasePrintLib:PrintLib.obj
 0001:0000a9b0       BasePrintLibFillBuffer     000000000000b9b0 f   BasePrintLib:PrintLibInternal.obj
 0001:0000aa40       BasePrintLibSPrint         000000000000ba40 f   BasePrintLib:PrintLibInternal.obj
 0001:0000aab0       BasePrintLibSPrintMarker   000000000000bab0 f   BasePrintLib:PrintLibInternal.obj
 0001:0000cb70       BasePrintLibValueToString  000000000000db70 f   BasePrintLib:PrintLibInternal.obj
 0001:0000cbe0       BaseDebugLibSerialPortConstructor 000000000000dbe0 f   BaseDebugLibSerialPort:DebugLib.obj
 0001:0000cbf0       DebugAssert                000000000000dbf0 f   BaseDebugLibSerialPort:DebugLib.obj
 0001:0000cca0       DebugAssertEnabled         000000000000dca0 f   BaseDebugLibSerialPort:DebugLib.obj
 0001:0000ccd0       DebugPrint                 000000000000dcd0 f   BaseDebugLibSerialPort:DebugLib.obj
 0001:0000cd20       DebugPrintEnabled          000000000000dd20 f   BaseDebugLibSerialPort:DebugLib.obj
 0001:0000cd50       DebugPrintLevelEnabled     000000000000dd50 f   BaseDebugLibSerialPort:DebugLib.obj
 0001:0000cd90       DebugPrintMarker           000000000000dd90 f   BaseDebugLibSerialPort:DebugLib.obj
 0001:0000ce70       DebugVPrint                000000000000de70 f   BaseDebugLibSerialPort:DebugLib.obj
 0001:0000cea0       UefiBootServicesTableLibConstructor 000000000000dea0 f   UefiBootServicesTableLib:UefiBootServicesTableLib.obj
 0001:0000cf80       AllocateRuntimePages       000000000000df80 f   UefiMemoryAllocationLib:MemoryAllocationLib.obj
 0001:0000cfa0       FreePages                  000000000000dfa0 f   UefiMemoryAllocationLib:MemoryAllocationLib.obj
 0001:0000d070       FreePool                   000000000000e070 f   UefiMemoryAllocationLib:MemoryAllocationLib.obj
 0001:0000d110       InternalAllocatePages      000000000000e110 f   UefiMemoryAllocationLib:MemoryAllocationLib.obj
 0001:0000d160       UefiRuntimeServicesTableLibConstructor 000000000000e160 f   UefiRuntimeServicesTableLib:UefiRuntimeServicesTableLib.obj
 0001:0000d1c0       ConvertDevicePathToText    000000000000e1c0 f   UefiDevicePathLibDevicePathProtocol:UefiDevicePathLib.obj
 0001:0000d220       DevicePathLibConstructor   000000000000e220 f   UefiDevicePathLibDevicePathProtocol:UefiDevicePathLib.obj
 0001:0000d300       UefiDevicePathLibLocateProtocol 000000000000e300 f   UefiDevicePathLibDevicePathProtocol:UefiDevicePathLib.obj
 0001:0000d340       UefiLibConstructor         000000000000e340 f   UefiLib:UefiLib.obj
 0001:0000d350       AcquireSpinLock            000000000000e350 f   BaseSynchronizationLib:SynchronizationMsc.obj
 0001:0000d500       AcquireSpinLockOrFail      000000000000e500 f   BaseSynchronizationLib:SynchronizationMsc.obj
 0001:0000d5d0       InitializeSpinLock         000000000000e5d0 f   BaseSynchronizationLib:SynchronizationMsc.obj
 0001:0000d630       InterlockedCompareExchange32 000000000000e630 f   BaseSynchronizationLib:SynchronizationMsc.obj
 0001:0000d690       InterlockedCompareExchange64 000000000000e690 f   BaseSynchronizationLib:SynchronizationMsc.obj
 0001:0000d6f0       InterlockedCompareExchangePointer 000000000000e6f0 f   BaseSynchronizationLib:SynchronizationMsc.obj
 0001:0000d790       ReleaseSpinLock            000000000000e790 f   BaseSynchronizationLib:SynchronizationMsc.obj
 0001:0000d830       InternalSyncCompareExchange32 000000000000e830 f   BaseSynchronizationLib:InterlockedCompareExchange32.obj
 0001:0000d860       InternalSyncCompareExchange64 000000000000e860 f   BaseSynchronizationLib:InterlockedCompareExchange64.obj
 0001:0000d8a0       DivU64x32Remainder         000000000000e8a0 f   BaseLib:DivU64x32Remainder.obj
 0001:0000d900       ReadUnaligned16            000000000000e900 f   BaseLib:Unaligned.obj
 0001:0000d950       ReadUnaligned32            000000000000e950 f   BaseLib:Unaligned.obj
 0001:0000d9a0       CpuBreakpoint              000000000000e9a0 f   BaseLib:CpuBreakpoint.obj
 0001:0000d9b0       GetDebugPrintErrorLevel    000000000000e9b0 f   BaseDebugPrintErrorLevelLib:BaseDebugPrintErrorLevelLib.obj
 0001:0000d9c0       SerialPortInitialize       000000000000e9c0 f   PcAtSerialPortLib:SerialPortLib.obj
 0001:0000dac0       SerialPortWrite            000000000000eac0 f   PcAtSerialPortLib:SerialPortLib.obj
 0001:0000db70       GetPerformanceCounter      000000000000eb70 f   BaseTimerLibNullTemplate:TimerLibNull.obj
 0001:0000dbb0       GetPerformanceCounterProperties 000000000000ebb0 f   BaseTimerLibNullTemplate:TimerLibNull.obj
 0001:0000dc00       IoRead8                    000000000000ec00 f   BaseIoLibIntrinsicSev:IoLibMsc.obj
 0001:0000dc50       IoWrite8                   000000000000ec50 f   BaseIoLibIntrinsicSev:IoLibMsc.obj
 0001:0000dcb0       FilterAfterIoRead          000000000000ecb0 f   FilterLibNull:RegisterFilterLibNull.obj
 0001:0000dcb0       FilterAfterIoWrite         000000000000ecb0 f   FilterLibNull:RegisterFilterLibNull.obj
 0001:0000dcc0       FilterBeforeIoRead         000000000000ecc0 f   FilterLibNull:RegisterFilterLibNull.obj
 0001:0000dcc0       FilterBeforeIoWrite        000000000000ecc0 f   FilterLibNull:RegisterFilterLibNull.obj
 0002:00000000       ??_C@_0CB@DMEJJJHA@?6ASSERT_EFI_ERROR?5?$CIStatus?5?$DN?5?$CFr?$CJ@ 000000000000f000     UefiDriverEntryPoint:DriverEntryPoint.obj
 0002:00000028       ??_C@_0CH@BBNBJKHK@?$CB?$CI?$CI?$CIINTN?$CJ?$CIRETURN_STATUS?$CJ?$CIStatus@ 000000000000f028     UefiDriverEntryPoint:DriverEntryPoint.obj
 0002:00000050       ??_C@_0FB@ILMGGFMI@d?3?2a?2compile?2compile?2edk2?2MdePk@ 000000000000f050     UefiDriverEntryPoint:DriverEntryPoint.obj
 0002:000000a4       _gDxeRevision              000000000000f0a4     MiniVisorDxe:AutoGen.obj
 0002:000000a8       _gUefiDriverRevision       000000000000f0a8     MiniVisorDxe:AutoGen.obj
 0002:000000ac       _gDriverUnloadImageCount   000000000000f0ac     MiniVisorDxe:AutoGen.obj
 0002:000000ad       _gPcd_FixedAtBuild_PcdVerifyNodeInList 000000000000f0ad     MiniVisorDxe:AutoGen.obj
 0002:000000ae       _gPcd_FixedAtBuild_PcdSpeculationBarrierType 000000000000f0ae     MiniVisorDxe:AutoGen.obj
 0002:000000af       _gPcd_FixedAtBuild_PcdDebugClearMemoryValue 000000000000f0af     MiniVisorDxe:AutoGen.obj
 0002:000000b0       _gPcd_FixedAtBuild_PcdMaximumLinkedListLength 000000000000f0b0     MiniVisorDxe:AutoGen.obj
 0002:000000b4       _gPcd_FixedAtBuild_PcdMaximumAsciiStringLength 000000000000f0b4     MiniVisorDxe:AutoGen.obj
 0002:000000b8       _gPcd_FixedAtBuild_PcdMaximumUnicodeStringLength 000000000000f0b8     MiniVisorDxe:AutoGen.obj
 0002:000000bc       _gPcd_FixedAtBuild_PcdControlFlowEnforcementPropertyMask 000000000000f0bc     MiniVisorDxe:AutoGen.obj
 0002:000000c0       _gPcd_FixedAtBuild_PcdDebugPrintErrorLevel 000000000000f0c0     MiniVisorDxe:AutoGen.obj
 0002:000000c4       _gPcd_FixedAtBuild_PcdDebugPropertyMask 000000000000f0c4     MiniVisorDxe:AutoGen.obj
 0002:000000c5       _gPcd_FixedAtBuild_PcdDriverDiagnosticsDisable 000000000000f0c5     MiniVisorDxe:AutoGen.obj
 0002:000000c6       _gPcd_FixedAtBuild_PcdComponentNameDisable 000000000000f0c6     MiniVisorDxe:AutoGen.obj
 0002:000000c7       _gPcd_FixedAtBuild_PcdDriverDiagnostics2Disable 000000000000f0c7     MiniVisorDxe:AutoGen.obj
 0002:000000c8       _gPcd_FixedAtBuild_PcdFixedDebugPrintErrorLevel 000000000000f0c8     MiniVisorDxe:AutoGen.obj
 0002:000000cc       _gPcd_FixedAtBuild_PcdMaximumDevicePathNodeCount 000000000000f0cc     MiniVisorDxe:AutoGen.obj
 0002:000000d0       _gPcd_FixedAtBuild_PcdComponentName2Disable 000000000000f0d0     MiniVisorDxe:AutoGen.obj
 0002:000000d1       _gPcd_FixedAtBuild_PcdUgaConsumeSupport 000000000000f0d1     MiniVisorDxe:AutoGen.obj
 0002:000000d4       _gPcd_FixedAtBuild_PcdUefiLibMaxPrintBufferSize 000000000000f0d4     MiniVisorDxe:AutoGen.obj
 0002:000000d8       _gPcd_FixedAtBuild_PcdSpinLockTimeout 000000000000f0d8     MiniVisorDxe:AutoGen.obj
 0002:000000e0       ??_C@_0N@KPEDKCCP@MiniVisorDxe@ 000000000000f0e0     MiniVisorDxe:AutoGen.obj
 0002:000000f0       ??_C@_0CE@IBFOBMLB@?6ASSERT_RETURN_ERROR?5?$CIStatus?5?$DN?5@ 000000000000f0f0     MiniVisorDxe:AutoGen.obj
 0002:00000120       ??_C@_0HJ@FJAEBOJM@d?3?2a?2compile?2compile?2edk2?2Build@ 000000000000f120     MiniVisorDxe:AutoGen.obj
 0002:000001f0       ??_C@_05MAJJAKPI@FALSE@    000000000000f1f0     MiniVisorDxe:EfiPlatform.obj
 0002:00000200       ??_C@_0EK@OJNPOCBL@d?3?2a?2compile?2compile?2edk2?2MiniV@ 000000000000f200     MiniVisorDxe:EfiPlatform.obj
 0002:00000250       ??_C@_0BC@MMPEIMNP@ASSERT?5?$CFa?$CI?$CFd?$CJ?3?5?$CFa@ 000000000000f250     MiniVisorDxe:EfiPlatform.obj
 0002:00000268       ??_C@_0BF@BFDDLOGL@ConvertMvToEfiStatus@ 000000000000f268     MiniVisorDxe:EfiPlatform.obj
 0002:00000280       ??_C@_0BJ@ECHCNAFI@OpenProtocol?5failed?5?3?5?$CFr@ 000000000000f280     MiniVisorDxe:EfiPlatform.obj
 0002:000002a0       ??_C@_0BM@JIJBOCOM@PrintLoadedImageInformation@ 000000000000f2a0     MiniVisorDxe:EfiPlatform.obj
 0002:000002c0       ??_C@_0BP@PALLPKIK@ConvertDevicePathToText?5failed@ 000000000000f2c0     MiniVisorDxe:EfiPlatform.obj
 0002:000002e0       ??_C@_0P@IGOHGIIF@?$CFs?5?9?5?$CFllx?3?$CFllx@ 000000000000f2e0     MiniVisorDxe:EfiPlatform.obj
 0002:000002f0       ??_C@_0BM@BCCBCPJA@ImageHandle?5?$DN?$DN?5gImageHandle@ 000000000000f2f0     MiniVisorDxe:EfiPlatform.obj
 0002:00000310       ??_C@_0CB@CBKAIIHA@SystemTable?9?$DOBootServices?5?$DN?$DN?5gB@ 000000000000f310     MiniVisorDxe:EfiPlatform.obj
 0002:00000338       ??_C@_0BO@KFPJMINE@InitializeLogger?5failed?5?3?5?$CFr?6@ 000000000000f338     MiniVisorDxe:EfiPlatform.obj
 0002:00000358       ??_C@_0BL@PFKOHBOE@LocateProtocol?5failed?5?3?5?$CFr@ 000000000000f358     MiniVisorDxe:EfiPlatform.obj
 0002:00000378       ??_C@_0BD@MEEEENDF@InitializePlatform@ 000000000000f378     MiniVisorDxe:EfiPlatform.obj
 0002:00000390       ??_C@_0CP@KLDLGBCK@Configure?5the?5system?5to?5be?5a?5si@ 000000000000f390     MiniVisorDxe:EfiPlatform.obj
 0002:000003c0       ??_C@_0DJ@LBICMFJD@MiniVisor?5will?5virtualize?5only?5@ 000000000000f3c0     MiniVisorDxe:EfiPlatform.obj
 0002:00000400       ??_C@_0DF@JNAHDDMB@This?5may?5result?5in?5operating?5sy@ 000000000000f400     MiniVisorDxe:EfiPlatform.obj
 0002:00000438       ??_C@_0CC@FGEJBFBJ@GetNumberOfProcessors?5failed?5?3?5@ 000000000000f438     MiniVisorDxe:EfiPlatform.obj
 0002:00000460       ??_C@_0BI@DGHANAAJ@GetActiveProcessorCount@ 000000000000f460     MiniVisorDxe:EfiPlatform.obj
 0002:00000478       ??_C@_0BD@FPCLPFNN@WhoAmI?5failed?5?3?5?$CFr@ 000000000000f478     MiniVisorDxe:EfiPlatform.obj
 0002:00000490       ??_C@_0BK@DFNBACLA@GetCurrentProcessorNumber@ 000000000000f490     MiniVisorDxe:EfiPlatform.obj
 0002:000004b0       ??_C@_0BK@OOBCPFIC@StartupAllAPs?5failed?5?3?5?$CFr@ 000000000000f4b0     MiniVisorDxe:EfiPlatform.obj
 0002:000004d0       ??_C@_0BD@PHPALDEJ@RunOnAllProcessors@ 000000000000f4d0     MiniVisorDxe:EfiPlatform.obj
 0002:000004e8       ??_C@_0BF@PNHNLJBJ@PreviousContext?5?$DN?$DN?50@ 000000000000f4e8     MiniVisorDxe:EfiPlatform.obj
 0002:00000528       ??_C@_0DN@HPDIJPOO@ExitBootServices?5was?5called?4?5En@ 000000000000f528     MiniVisorDxe:EfiLogger.obj
 0002:00000568       ??_C@_0BI@DLIDIIOH@ExitBootServicesHandler@ 000000000000f568     MiniVisorDxe:EfiLogger.obj
 0002:00000580       ??_C@_0BK@ELAFBGAM@CreateEventEx?5failed?5?3?5?$CFr@ 000000000000f580     MiniVisorDxe:EfiLogger.obj
 0002:000005a0       ??_C@_0BF@IMAJPOBH@RegisterNotification@ 000000000000f5a0     MiniVisorDxe:EfiLogger.obj
 0002:000005b8       ??_C@_0CC@IPCOBJIK@RegisterNotifications?5failed?5?3?5@ 000000000000f5b8     MiniVisorDxe:EfiLogger.obj
 0002:000005e0       ??_C@_0BB@MAHIBCEP@InitializeLogger@ 000000000000f5e0     MiniVisorDxe:EfiLogger.obj
 0002:000005f8       ??_C@_07EGLMBGKL@?$CFa?3?5?$CFa?6@ 000000000000f5f8     MiniVisorDxe:EfiLogger.obj
 0002:00000610       ??_C@_0BLH@KCOMCDCF@?$CIVmxCapabilityMsr?5?$DN?$DN?5IA32_VMX_P@ 000000000000f610     MiniVisorDxe:MiniVisor.obj
 0002:000007c8       ??_C@_0DL@HJBOBHIO@d?3?2a?2compile?2compile?2edk2?2MiniV@ 000000000000f7c8     MiniVisorDxe:MiniVisor.obj
 0002:00000808       ??_C@_0BD@CKKGAOIF@AdjustControlValue@ 000000000000f808     MiniVisorDxe:MiniVisor.obj
 0002:00000820       ??_C@_0DF@KLACPKPB@Not?5all?5the?5requested?5VM?5contro@ 000000000000f820     MiniVisorDxe:MiniVisor.obj
 0002:00000858       ??_C@_0CJ@HIAFEKNK@MSR?5?$CF08x?3?5Requested?5?$CF08x?0?5Effec@ 000000000000f858     MiniVisorDxe:MiniVisor.obj
 0002:00000888       ??_C@_0N@PEKGAGDD@MiniVisor?5?5?5@ 000000000000f888     MiniVisorDxe:MiniVisor.obj
 0002:00000898       ??_C@_0BI@NPIHOCLN@returnedAddress?5?$CB?$DN?5NULL@ 000000000000f898     MiniVisorDxe:MiniVisor.obj
 0002:000008b0       ??_C@_0BC@GECLHHNF@DisableHypervisor@ 000000000000f8b0     MiniVisorDxe:MiniVisor.obj
 0002:000008d0       ??_C@_0GC@JEPKFGDD@?$CI?$CKsharedProcessorContextsAddres@ 000000000000f8d0     MiniVisorDxe:MiniVisor.obj
 0002:00000938       ??_C@_0CA@GLIKFGGH@IsMiniVisorInstalled?$CI?$CJ?5?$DN?$DN?5FALSE@ 000000000000f938     MiniVisorDxe:MiniVisor.obj
 0002:00000958       ??_C@_0BH@IOAGANPF@VT?9x?5is?5not?5available?4@ 000000000000f958     MiniVisorDxe:MiniVisor.obj
 0002:00000970       ??_C@_0P@LKHKEMEI@IsVmxAvailable@ 000000000000f970     MiniVisorDxe:MiniVisor.obj
 0002:00000980       ??_C@_0DI@HNEIPPIP@The?5write?9back?5type?5is?5not?5supp@ 000000000000f980     MiniVisorDxe:MiniVisor.obj
 0002:000009b8       ??_C@_0DO@DFBECEGO@The?5lock?5bit?5is?5not?5set?0?5or?5VMX@ 000000000000f9b8     MiniVisorDxe:MiniVisor.obj
 0002:000009f8       ??_C@_0BP@KCDFELLN@EPT?5is?5not?5supported?5?3?5?$CF016llx@ 000000000000f9f8     MiniVisorDxe:MiniVisor.obj
 0002:00000a18       ??_C@_0BH@LLBDNLG@IsVmxAvailable?5failed?4@ 000000000000fa18     MiniVisorDxe:MiniVisor.obj
 0002:00000a30       ??_C@_09PFFGEJPH@SetupVmcs@ 000000000000fa30     MiniVisorDxe:MiniVisor.obj
 0002:00000a40       ??_C@_0BB@CCHGKIHB@AsmReadTr?$CI?$CJ?5?$CB?$DN?50@ 000000000000fa40     MiniVisorDxe:MiniVisor.obj
 0002:00000a60       ??_C@_0EN@PECMJAKO@PAGE_ALIGN?$CI?$CGProcessorContext?9?$DOV@ 000000000000fa60     MiniVisorDxe:MiniVisor.obj
 0002:00000ab0       ??_C@_0CO@DEKHPMFK@ProcessorContext?9?$DOVmxOnRegion?4M@ 000000000000fab0     MiniVisorDxe:MiniVisor.obj
 0002:00000ae0       ??_C@_0BN@HKEEOCHA@newCr0?4PagingEnable?5?$CB?$DN?5FALSE@ 000000000000fae0     MiniVisorDxe:MiniVisor.obj
 0002:00000b00       ??_C@_0CB@CPEKNBPO@newCr0?4ProtectionEnable?5?$CB?$DN?5FALS@ 000000000000fb00     MiniVisorDxe:MiniVisor.obj
 0002:00000b28       ??_C@_0BK@JBLHJHCM@newCr4?4VmxEnable?5?$CB?$DN?5FALSE@ 000000000000fb28     MiniVisorDxe:MiniVisor.obj
 0002:00000b48       ??_C@_0BA@NBDOJIDC@__vmx_on?5failed@ 000000000000fb48     MiniVisorDxe:MiniVisor.obj
 0002:00000b60       ??_C@_0EL@HIGHOEID@PAGE_ALIGN?$CI?$CGProcessorContext?9?$DOV@ 000000000000fb60     MiniVisorDxe:MiniVisor.obj
 0002:00000bb0       ??_C@_0DK@NEMDCBBB@ProcessorContext?9?$DOVmcsRegion?4Sh@ 000000000000fbb0     MiniVisorDxe:MiniVisor.obj
 0002:00000bf0       ??_C@_0CG@HKFGBIIK@__vmx_vmclear?5or?5__vmx_vmptrld?5@ 000000000000fbf0     MiniVisorDxe:MiniVisor.obj
 0002:00000c18       ??_C@_0CL@GFCJNPPF@InitializeExtendedPageTables?5fa@ 000000000000fc18     MiniVisorDxe:MiniVisor.obj
 0002:00000c48       ??_C@_0CF@HHIAKMPL@?$CIhypervisorStackPointer?5?$CF?50x10?$CJ@ 000000000000fc48     MiniVisorDxe:MiniVisor.obj
 0002:00000c70       ??_C@_0DL@FOJLOMEM@processorNumber?5?$DM?5sharedProcess@ 000000000000fc70     MiniVisorDxe:MiniVisor.obj
 0002:00000cb0       ??_C@_0BB@CPCMMICP@EnableHypervisor@ 000000000000fcb0     MiniVisorDxe:MiniVisor.obj
 0002:00000cc8       ??_C@_0CF@HBHGHKCJ@InitializeMemoryAccess?5failed?5?3@ 000000000000fcc8     MiniVisorDxe:MiniVisor.obj
 0002:00000cf0       ??_C@_0BI@CNINGPLJ@SetupVmcs?5failed?5?3?5?$CF08x@ 000000000000fcf0     MiniVisorDxe:MiniVisor.obj
 0002:00000d08       ??_C@_0BG@JFFALFBN@result?5?$CB?$DN?5VmxResultOk@ 000000000000fd08     MiniVisorDxe:MiniVisor.obj
 0002:00000d20       ??_C@_0BL@JNPBGCHP@__vmx_vmlaunch?5failed?5?3?5?$CFu@ 000000000000fd20     MiniVisorDxe:MiniVisor.obj
 0002:00000d40       ??_C@_0DA@NLDJJCOM@EnableHypervisor?5on?5processor?5?$CF@ 000000000000fd40     MiniVisorDxe:MiniVisor.obj
 0002:00000d70       ??_C@_0CA@IJBFEDJM@EnableHypervisorOnAllProcessors@ 000000000000fd70     MiniVisorDxe:MiniVisor.obj
 0002:00000d90       ??_C@_0CN@IHGNDBEA@EnableHypervisor?5on?5processor?5?$CF@ 000000000000fd90     MiniVisorDxe:MiniVisor.obj
 0002:00000dc0       ??_C@_0CC@CGPOLCHL@InitializePlatform?5failed?5?3?5?$CF08@ 000000000000fdc0     MiniVisorDxe:MiniVisor.obj
 0002:00000de8       ??_C@_0BM@KHMHBGPO@MiniVisor?5already?5installed@ 000000000000fde8     MiniVisorDxe:MiniVisor.obj
 0002:00000e08       ??_C@_0BE@DMJCHKKJ@InitializeMiniVisor@ 000000000000fe08     MiniVisorDxe:MiniVisor.obj
 0002:00000e20       ??_C@_0BG@JPPELBGO@Installing?5MiniVisor?4@ 000000000000fe20     MiniVisorDxe:MiniVisor.obj
 0002:00000e38       ??_C@_0CI@BEGLONJF@MmInitializeMemoryManager?5faile@ 000000000000fe38     MiniVisorDxe:MiniVisor.obj
 0002:00000e60       ??_C@_0CO@GHPCBIGP@EnableHypervisorOnAllProcessors@ 000000000000fe60     MiniVisorDxe:MiniVisor.obj
 0002:00000e90       ??_C@_0CC@HGLCODNB@MiniVisor?5installed?5successfull@ 000000000000fe90     MiniVisorDxe:MiniVisor.obj
 0002:00000eb8       ??_C@_0CE@FJFPFMK@MiniVisor?5uninstalled?5successfu@ 000000000000feb8     MiniVisorDxe:MiniVisor.obj
 0002:00000ee0       ??_C@_0BB@FJCMOPCO@CleanupMiniVisor@ 000000000000fee0     MiniVisorDxe:MiniVisor.obj
 0002:00000f10       ??_C@_0BL@JGGEJAIA@newGdtr?4Limit?5?$DM?5NewGdtSize@ 000000000000ff10     MiniVisorDxe:EfiHostInitialization.obj
 0002:00000f30       ??_C@_0FE@JJIIAHEB@d?3?2a?2compile?2compile?2edk2?2MiniV@ 000000000000ff30     MiniVisorDxe:EfiHostInitialization.obj
 0002:00000f88       ??_C@_0O@MIBLEAAA@InitializeGdt@ 000000000000ff88     MiniVisorDxe:EfiHostInitialization.obj
 0002:00000f98       ??_C@_0BP@NNGGCCMB@OriginalGdtr?9?$DOBaseAddress?5?$CB?$DN?50@ 000000000000ff98     MiniVisorDxe:EfiHostInitialization.obj
 0002:00000fb8       ??_C@_0L@GBEGEFEC@CleanupGdt@ 000000000000ffb8     MiniVisorDxe:EfiHostInitialization.obj
 0002:00000fc8       ??_C@_0CL@MAGPCEGI@Missing?5required?5misc?5feature?$CIs@ 000000000000ffc8     MiniVisorDxe:EfiHostInitialization.obj
 0002:00000ff8       ??_C@_0BB@NGHNMOBJ@IsVmxAvailableEx@ 000000000000fff8     MiniVisorDxe:EfiHostInitialization.obj
 0002:00001010       ??_C@_0DK@NPLOAFH@Missing?5required?5multi?5processo@ 0000000000010010     MiniVisorDxe:EfiHostInitialization.obj
 0002:00001058       ??_C@_0BO@PEPIHJAO@PageMapLevel?5?$CB?$DN?5EPT_LEVEL_PTE@ 0000000000010058     MiniVisorDxe:ExtendedPageTables.obj
 0002:00001080       ??_C@_0EE@PMKJKCPO@d?3?2a?2compile?2compile?2edk2?2MiniV@ 0000000000010080     MiniVisorDxe:ExtendedPageTables.obj
 0002:000010c8       ??_C@_0O@LDAKBIKN@CleanupTables@ 00000000000100c8     MiniVisorDxe:ExtendedPageTables.obj
 0002:000010d8       ??_C@_0CC@JCOCMLGI@memoryType?5?$CB?$DN?5MEMORY_TYPE_INVAL@ 00000000000100d8     MiniVisorDxe:ExtendedPageTables.obj
 0002:00001100       ??_C@_0BI@HOPFDHKN@BuildEptEntriesFor512Gb@ 0000000000010100     MiniVisorDxe:ExtendedPageTables.obj
 0002:00001118       ??_C@_0N@PDGBCJKI@Split2MbPage@ 0000000000010118     MiniVisorDxe:ExtendedPageTables.obj
 0002:00001128       ??_C@_0CG@MDALNKLI@BuildEptEntriesFor512Gb?5failed?5@ 0000000000010128     MiniVisorDxe:ExtendedPageTables.obj
 0002:00001150       ??_C@_0BN@GJDBPOGB@InitializeExtendedPageTables@ 0000000000010150     MiniVisorDxe:ExtendedPageTables.obj
 0002:00001170       ??_C@_0CM@HBCNFKOL@AsmInvept?$CItype?0?5?$CGdescriptor?$CJ?5?$DN?$DN@ 0000000000010170     MiniVisorDxe:ExtendedPageTables.obj
 0002:000011a0       ??_C@_0BK@NONJKAGL@InvalidateEptDerivedCache@ 00000000000101a0     MiniVisorDxe:ExtendedPageTables.obj
 0002:000011c0       ??_C@_0CM@PLIPKEBE@AsmInvvpid?$CItype?0?5?$CGdescriptor?$CJ?$DN?$DN@ 00000000000101c0     MiniVisorDxe:ExtendedPageTables.obj
 0002:000011f0       ??_C@_0BL@CGNDMCO@InvalidateVpidDerivedCache@ 00000000000101f0     MiniVisorDxe:ExtendedPageTables.obj
 0002:00001210       ??_C@_0O@MIIADEEL@PageCount?5?$DO?50@ 0000000000010210     MiniVisorDxe:MemoryManager.obj
 0002:00001220       ??_C@_0DP@JFBODMEL@d?3?2a?2compile?2compile?2edk2?2MiniV@ 0000000000010220     MiniVisorDxe:MemoryManager.obj
 0002:00001260       ??_C@_0BK@CGEJIGCM@MmInitializeMemoryManager@ 0000000000010260     MiniVisorDxe:MemoryManager.obj
 0002:00001280       ??_C@_0BO@LGMGAFJI@memoryManager?9?$DOPageCount?5?$DN?$DN?50@ 0000000000010280     MiniVisorDxe:MemoryManager.obj
 0002:000012a0       ??_C@_0BO@BDNGHPBL@memoryManager?9?$DOPageCount?5?$CB?$DN?50@ 00000000000102a0     MiniVisorDxe:MemoryManager.obj
 0002:000012c0       ??_C@_0BH@NOALGGKN@MmCleanupMemoryManager@ 00000000000102c0     MiniVisorDxe:MemoryManager.obj
 0002:000012d8       ??_C@_0CG@LAHMHFH@memoryManager?9?$DOAllocatedPages?5?$CB@ 00000000000102d8     MiniVisorDxe:MemoryManager.obj
 0002:00001300       ??_C@_0CL@OPIFLED@memoryManager?9?$DOAllocationLength@ 0000000000010300     MiniVisorDxe:MemoryManager.obj
 0002:00001330       ??_C@_0FE@GMHNDPBO@RtlAreBitsClear?$CI?$CGmemoryManager?9@ 0000000000010330     MiniVisorDxe:MemoryManager.obj
 0002:00001388       ??_C@_0BP@IGIKFBJO@Memory?5allocation?5failed?5?3?5?$CFlu@ 0000000000010388     MiniVisorDxe:MemoryManager.obj
 0002:000013a8       ??_C@_0BA@OILEGNEB@MmAllocatePages@ 00000000000103a8     MiniVisorDxe:MemoryManager.obj
 0002:000013b8       ??_C@_0BL@NOBBMOFI@Pages?5?$DN?$DN?5PAGE_ALIGN?$CIPages?$CJ@ 00000000000103b8     MiniVisorDxe:MemoryManager.obj
 0002:000013d8       ??_C@_0M@PJPBLPNG@MmFreePages@ 00000000000103d8     MiniVisorDxe:MemoryManager.obj
 0002:000013e8       ??_C@_0DH@EINGMOIC@?$CIUINT64?$CJPages?5?$DO?$DN?5?$CIUINT64?$CJmemory@ 00000000000103e8     MiniVisorDxe:MemoryManager.obj
 0002:00001420       ??_C@_0GH@BNBDIONE@?$CIUINT64?$CJPages?5?$DM?5?$CIUINT64?$CJmemoryM@ 0000000000010420     MiniVisorDxe:MemoryManager.obj
 0002:00001488       ??_C@_0P@JDHOJBPH@pageLength?5?$DO?50@ 0000000000010488     MiniVisorDxe:MemoryManager.obj
 0002:000015a8       ??_C@_0CA@KDMJLBNI@defaultType?4MtrrEnable?5?$CB?$DN?5FALSE@ 00000000000105a8     MiniVisorDxe:MemoryType.obj
 0002:000015c8       ??_C@_0DM@OHPLEFEM@d?3?2a?2compile?2compile?2edk2?2MiniV@ 00000000000105c8     MiniVisorDxe:MemoryType.obj
 0002:00001608       ??_C@_0BM@EMBJDOMM@InitializeMemoryTypeMapping@ 0000000000010608     MiniVisorDxe:MemoryType.obj
 0002:00001630       ??_C@_0EP@MPMFEHCH@_BitScanForward64?$CI?$CIunsigned?5lon@ 0000000000010630     MiniVisorDxe:MemoryType.obj
 0002:00001680       ??_C@_0BC@BPPKBOJK@Type?$DN?$CFu?5?$CIDefault?$CJ@ 0000000000010680     MiniVisorDxe:MemoryType.obj
 0002:00001698       ??_C@_0CD@OOFKKMCD@Type?$DN?$CFu?5Fixed?$DN?$CFu?5?$CF016llx?5?9?5?$CF016@ 0000000000010698     MiniVisorDxe:MemoryType.obj
 0002:000016c0       ??_C@_0CI@EJJBOLLB@Host?5ES?5Selector?5?5?5?5?5?5?5?5?5?5?5?5?5?5?$DN@ 00000000000106c0     MiniVisorDxe:HostUtils.obj
 0002:000016e8       ??_C@_0O@ODLKJGGE@DumpHostState@ 00000000000106e8     MiniVisorDxe:HostUtils.obj
 0002:000016f8       ??_C@_0CI@IFEGJBMC@Host?5CS?5Selector?5?5?5?5?5?5?5?5?5?5?5?5?5?5?$DN@ 00000000000106f8     MiniVisorDxe:HostUtils.obj
 0002:00001720       ??_C@_0CI@MKLMNFIJ@Host?5SS?5Selector?5?5?5?5?5?5?5?5?5?5?5?5?5?5?$DN@ 0000000000010720     MiniVisorDxe:HostUtils.obj
 0002:00001748       ??_C@_0CI@IGAPPMHJ@Host?5DS?5Selector?5?5?5?5?5?5?5?5?5?5?5?5?5?5?$DN@ 0000000000010748     MiniVisorDxe:HostUtils.obj
 0002:00001770       ??_C@_0CI@MCECNFKI@Host?5FS?5Selector?5?5?5?5?5?5?5?5?5?5?5?5?5?5?$DN@ 0000000000010770     MiniVisorDxe:HostUtils.obj
 0002:00001798       ??_C@_0CI@NNMMCGA@Host?5GS?5Selector?5?5?5?5?5?5?5?5?5?5?5?5?5?5?$DN@ 0000000000010798     MiniVisorDxe:HostUtils.obj
 0002:000017c0       ??_C@_0CI@ONHHOJAE@Host?5TR?5Selector?5?5?5?5?5?5?5?5?5?5?5?5?5?5?$DN@ 00000000000107c0     MiniVisorDxe:HostUtils.obj
 0002:000017e8       ??_C@_0CI@IPHDJMBB@Host?5IA32_PAT?5?5?5?5?5?5?5?5?5?5?5?5?5?5?5?5?5?$DN@ 00000000000107e8     MiniVisorDxe:HostUtils.obj
 0002:00001810       ??_C@_0CI@EHNGIKCD@Host?5IA32_EFER?5?5?5?5?5?5?5?5?5?5?5?5?5?5?5?5?$DN@ 0000000000010810     MiniVisorDxe:HostUtils.obj
 0002:00001838       ??_C@_0CI@NGJFCEML@Host?5IA32_PERF_GLOBAL_CTRL?5?5?5?5?$DN@ 0000000000010838     MiniVisorDxe:HostUtils.obj
 0002:00001860       ??_C@_0CI@OLBLLAOO@Host?5IA32_SYSENTER_CS?5?5?5?5?5?5?5?5?5?$DN@ 0000000000010860     MiniVisorDxe:HostUtils.obj
 0002:00001888       ??_C@_0CI@ICEJNBGK@Host?5CR0?5?5?5?5?5?5?5?5?5?5?5?5?5?5?5?5?5?5?5?5?5?5?$DN@ 0000000000010888     MiniVisorDxe:HostUtils.obj
 0002:000018b0       ??_C@_0CI@NJFOGAHP@Host?5CR3?5?5?5?5?5?5?5?5?5?5?5?5?5?5?5?5?5?5?5?5?5?5?$DN@ 00000000000108b0     MiniVisorDxe:HostUtils.obj
 0002:000018d8       ??_C@_0CI@FJIDJCKG@Host?5CR4?5?5?5?5?5?5?5?5?5?5?5?5?5?5?5?5?5?5?5?5?5?5?$DN@ 00000000000108d8     MiniVisorDxe:HostUtils.obj
 0002:00001900       ??_C@_0CI@CALNBGIF@Host?5FS?5Base?5?5?5?5?5?5?5?5?5?5?5?5?5?5?5?5?5?5?$DN@ 0000000000010900     MiniVisorDxe:HostUtils.obj
 0002:00001928       ??_C@_0CI@OPCDABEN@Host?5GS?5Base?5?5?5?5?5?5?5?5?5?5?5?5?5?5?5?5?5?5?$DN@ 0000000000010928     MiniVisorDxe:HostUtils.obj
 0002:00001950       ??_C@_0CI@DFDKPHPL@Host?5TR?5base?5?5?5?5?5?5?5?5?5?5?5?5?5?5?5?5?5?5?$DN@ 0000000000010950     MiniVisorDxe:HostUtils.obj
 0002:00001978       ??_C@_0CI@FAOGKFPK@Host?5GDTR?5base?5?5?5?5?5?5?5?5?5?5?5?5?5?5?5?5?$DN@ 0000000000010978     MiniVisorDxe:HostUtils.obj
 0002:000019a0       ??_C@_0CI@FGHEHOIM@Host?5IDTR?5base?5?5?5?5?5?5?5?5?5?5?5?5?5?5?5?5?$DN@ 00000000000109a0     MiniVisorDxe:HostUtils.obj
 0002:000019c8       ??_C@_0CI@GFOIBEBO@Host?5IA32_SYSENTER_ESP?5?5?5?5?5?5?5?5?$DN@ 00000000000109c8     MiniVisorDxe:HostUtils.obj
 0002:000019f0       ??_C@_0CI@NCDLBPAF@Host?5IA32_SYSENTER_EIP?5?5?5?5?5?5?5?5?$DN@ 00000000000109f0     MiniVisorDxe:HostUtils.obj
 0002:00001a18       ??_C@_0CI@JPIGNALA@Host?5RSP?5?5?5?5?5?5?5?5?5?5?5?5?5?5?5?5?5?5?5?5?5?5?$DN@ 0000000000010a18     MiniVisorDxe:HostUtils.obj
 0002:00001a40       ??_C@_0CI@MFHOEIO@Host?5RIP?5?5?5?5?5?5?5?5?5?5?5?5?5?5?5?5?5?5?5?5?5?5?$DN@ 0000000000010a40     MiniVisorDxe:HostUtils.obj
 0002:00001a68       ??_C@_0CJ@MMJHFLNC@Guest?5ES?5Selector?5?5?5?5?5?5?5?5?5?5?5?5?5?5@ 0000000000010a68     MiniVisorDxe:HostUtils.obj
 0002:00001a98       ??_C@_0P@OGENBDLE@DumpGuestState@ 0000000000010a98     MiniVisorDxe:HostUtils.obj
 0002:00001aa8       ??_C@_0CJ@EACBKB@Guest?5CS?5Selector?5?5?5?5?5?5?5?5?5?5?5?5?5?5@ 0000000000010aa8     MiniVisorDxe:HostUtils.obj
 0002:00001ad8       ??_C@_0CJ@EPLKGFOK@Guest?5SS?5Selector?5?5?5?5?5?5?5?5?5?5?5?5?5?5@ 0000000000010ad8     MiniVisorDxe:HostUtils.obj
 0002:00001b08       ??_C@_0CJ@DAJEMBK@Guest?5DS?5Selector?5?5?5?5?5?5?5?5?5?5?5?5?5?5@ 0000000000010b08     MiniVisorDxe:HostUtils.obj
 0002:00001b38       ??_C@_0CJ@EHEEGFML@Guest?5FS?5Selector?5?5?5?5?5?5?5?5?5?5?5?5?5?5@ 0000000000010b38     MiniVisorDxe:HostUtils.obj
 0002:00001b68       ??_C@_0CJ@IINKHCAD@Guest?5GS?5Selector?5?5?5?5?5?5?5?5?5?5?5?5?5?5@ 0000000000010b68     MiniVisorDxe:HostUtils.obj
 0002:00001b98       ??_C@_0CJ@HOFIEEGP@Guest?5LDTR?5Selector?5?5?5?5?5?5?5?5?5?5?5?5@ 0000000000010b98     MiniVisorDxe:HostUtils.obj
 0002:00001bc8       ??_C@_0CJ@GIHBFJGH@Guest?5TR?5Selector?5?5?5?5?5?5?5?5?5?5?5?5?5?5@ 0000000000010bc8     MiniVisorDxe:HostUtils.obj
 0002:00001bf8       ??_C@_0CJ@CGKHHOAM@Guest?5interrupt?5status?5?5?5?5?5?5?5?5?5@ 0000000000010bf8     MiniVisorDxe:HostUtils.obj
 0002:00001c28       ??_C@_0CJ@NCAJNOA@PML?5index?5?5?5?5?5?5?5?5?5?5?5?5?5?5?5?5?5?5?5?5?5?5@ 0000000000010c28     MiniVisorDxe:HostUtils.obj
 0002:00001c58       ??_C@_0CJ@OGJDNIPK@VMCS?5link?5pointer?5?5?5?5?5?5?5?5?5?5?5?5?5?5@ 0000000000010c58     MiniVisorDxe:HostUtils.obj
 0002:00001c88       ??_C@_0CJ@OJOLNKID@Guest?5IA32_DEBUGCTL?5?5?5?5?5?5?5?5?5?5?5?5@ 0000000000010c88     MiniVisorDxe:HostUtils.obj
 0002:00001cb8       ??_C@_0CJ@KHFCMHC@Guest?5IA32_PAT?5?5?5?5?5?5?5?5?5?5?5?5?5?5?5?5?5@ 0000000000010cb8     MiniVisorDxe:HostUtils.obj
 0002:00001ce8       ??_C@_0CJ@MCNADKEA@Guest?5IA32_EFER?5?5?5?5?5?5?5?5?5?5?5?5?5?5?5?5@ 0000000000010ce8     MiniVisorDxe:HostUtils.obj
 0002:00001d18       ??_C@_0CJ@FDJDJEKI@Guest?5IA32_PERF_GLOBAL_CTRL?5?5?5?5@ 0000000000010d18     MiniVisorDxe:HostUtils.obj
 0002:00001d48       ??_C@_0CJ@OKPAKGKC@Guest?5PDPTE0?5?5?5?5?5?5?5?5?5?5?5?5?5?5?5?5?5?5?5@ 0000000000010d48     MiniVisorDxe:HostUtils.obj
 0002:00001d78       ??_C@_0CJ@NGJAEFKK@Guest?5PDPTE1?5?5?5?5?5?5?5?5?5?5?5?5?5?5?5?5?5?5?5@ 0000000000010d78     MiniVisorDxe:HostUtils.obj
 0002:00001da8       ??_C@_0CJ@JCDBGALC@Guest?5PDPTE2?5?5?5?5?5?5?5?5?5?5?5?5?5?5?5?5?5?5?5@ 0000000000010da8     MiniVisorDxe:HostUtils.obj
 0002:00001dd8       ??_C@_0CJ@KOFBIDLK@Guest?5PDPTE3?5?5?5?5?5?5?5?5?5?5?5?5?5?5?5?5?5?5?5@ 0000000000010dd8     MiniVisorDxe:HostUtils.obj
 0002:00001e08       ??_C@_0CJ@KGJOOKKH@Guest?5IA32_BNDCFGS?5?5?5?5?5?5?5?5?5?5?5?5?5@ 0000000000010e08     MiniVisorDxe:HostUtils.obj
 0002:00001e38       ??_C@_0CJ@GLAMHKNK@Guest?5IA32_RTIT_CTL?5?5?5?5?5?5?5?5?5?5?5?5@ 0000000000010e38     MiniVisorDxe:HostUtils.obj
 0002:00001e68       ??_C@_0CJ@LLJBFALI@Guest?5ES?5Limit?5?5?5?5?5?5?5?5?5?5?5?5?5?5?5?5?5@ 0000000000010e68     MiniVisorDxe:HostUtils.obj
 0002:00001e98       ??_C@_0CJ@HHEGCKML@Guest?5CS?5Limit?5?5?5?5?5?5?5?5?5?5?5?5?5?5?5?5?5@ 0000000000010e98     MiniVisorDxe:HostUtils.obj
 0002:00001ec8       ??_C@_0CJ@DILMGOIA@Guest?5SS?5Limit?5?5?5?5?5?5?5?5?5?5?5?5?5?5?5?5?5@ 0000000000010ec8     MiniVisorDxe:HostUtils.obj
 0002:00001ef8       ??_C@_0CJ@HEAPEHHA@Guest?5DS?5Limit?5?5?5?5?5?5?5?5?5?5?5?5?5?5?5?5?5@ 0000000000010ef8     MiniVisorDxe:HostUtils.obj
 0002:00001f28       ??_C@_0CJ@DAECGOKB@Guest?5FS?5Limit?5?5?5?5?5?5?5?5?5?5?5?5?5?5?5?5?5@ 0000000000010f28     MiniVisorDxe:HostUtils.obj
 0002:00001f58       ??_C@_0CJ@PPNMHJGJ@Guest?5GS?5Limit?5?5?5?5?5?5?5?5?5?5?5?5?5?5?5?5?5@ 0000000000010f58     MiniVisorDxe:HostUtils.obj
 0002:00001f88       ??_C@_0CJ@JONFEDCO@Guest?5LDTR?5Limit?5?5?5?5?5?5?5?5?5?5?5?5?5?5?5@ 0000000000010f88     MiniVisorDxe:HostUtils.obj
 0002:00001fb8       ??_C@_0CJ@BPHHFCAN@Guest?5TR?5Limit?5?5?5?5?5?5?5?5?5?5?5?5?5?5?5?5?5@ 0000000000010fb8     MiniVisorDxe:HostUtils.obj
 0002:00001fe8       ??_C@_0CJ@DOJLKEDG@Guest?5GDTR?5limit?5?5?5?5?5?5?5?5?5?5?5?5?5?5?5@ 0000000000010fe8     MiniVisorDxe:HostUtils.obj
 0002:00002018       ??_C@_0CJ@DIAJHPEA@Guest?5IDTR?5limit?5?5?5?5?5?5?5?5?5?5?5?5?5?5?5@ 0000000000011018     MiniVisorDxe:HostUtils.obj
 0002:00002048       ??_C@_0CJ@FKOGLMOG@Guest?5ES?5access?5rights?5?5?5?5?5?5?5?5?5@ 0000000000011048     MiniVisorDxe:HostUtils.obj
 0002:00002078       ??_C@_0CJ@JGDBMGJF@Guest?5CS?5access?5rights?5?5?5?5?5?5?5?5?5@ 0000000000011078     MiniVisorDxe:HostUtils.obj
 0002:000020a8       ??_C@_0CJ@NJMLICNO@Guest?5SS?5access?5rights?5?5?5?5?5?5?5?5?5@ 00000000000110a8     MiniVisorDxe:HostUtils.obj
 0002:000020d8       ??_C@_0CJ@JFHIKLCO@Guest?5DS?5access?5rights?5?5?5?5?5?5?5?5?5@ 00000000000110d8     MiniVisorDxe:HostUtils.obj
 0002:00002108       ??_C@_0CJ@NBDFICPP@Guest?5FS?5access?5rights?5?5?5?5?5?5?5?5?5@ 0000000000011108     MiniVisorDxe:HostUtils.obj
 0002:00002138       ??_C@_0CJ@BOKLJFDH@Guest?5GS?5access?5rights?5?5?5?5?5?5?5?5?5@ 0000000000011138     MiniVisorDxe:HostUtils.obj
 0002:00002168       ??_C@_0CJ@DGCLKMCH@Guest?5LDTR?5access?5rights?5?5?5?5?5?5?5@ 0000000000011168     MiniVisorDxe:HostUtils.obj
 0002:00002198       ??_C@_0CJ@POAALOFD@Guest?5TR?5access?5rights?5?5?5?5?5?5?5?5?5@ 0000000000011198     MiniVisorDxe:HostUtils.obj
 0002:000021c8       ??_C@_0CJ@OGKKHICF@Guest?5interruptibility?5state?5?5?5@ 00000000000111c8     MiniVisorDxe:HostUtils.obj
 0002:000021f8       ??_C@_0CJ@FLEPLMOG@Guest?5activity?5state?5?5?5?5?5?5?5?5?5?5?5@ 00000000000111f8     MiniVisorDxe:HostUtils.obj
 0002:00002228       ??_C@_0CJ@BPNNDHNA@Guest?5SMBASE?5?5?5?5?5?5?5?5?5?5?5?5?5?5?5?5?5?5?5@ 0000000000011228     MiniVisorDxe:HostUtils.obj
 0002:00002258       ??_C@_0CJ@GOBNAAIN@Guest?5IA32_SYSENTER_CS?5?5?5?5?5?5?5?5?5@ 0000000000011258     MiniVisorDxe:HostUtils.obj
 0002:00002288       ??_C@_0CJ@BAOJINDC@VMX?9preemption?5timer?5value?5?5?5?5?5@ 0000000000011288     MiniVisorDxe:HostUtils.obj
 0002:000022b8       ??_C@_0CJ@HEPGBAJ@Guest?5CR0?5?5?5?5?5?5?5?5?5?5?5?5?5?5?5?5?5?5?5?5?5?5@ 00000000000112b8     MiniVisorDxe:HostUtils.obj
 0002:000022e8       ??_C@_0CJ@FMFINABM@Guest?5CR3?5?5?5?5?5?5?5?5?5?5?5?5?5?5?5?5?5?5?5?5?5?5@ 00000000000112e8     MiniVisorDxe:HostUtils.obj
 0002:00002318       ??_C@_0CJ@NMIFCCMF@Guest?5CR4?5?5?5?5?5?5?5?5?5?5?5?5?5?5?5?5?5?5?5?5?5?5@ 0000000000011318     MiniVisorDxe:HostUtils.obj
 0002:00002348       ??_C@_0CJ@COGIJIPP@Guest?5ES?5Base?5?5?5?5?5?5?5?5?5?5?5?5?5?5?5?5?5?5@ 0000000000011348     MiniVisorDxe:HostUtils.obj
 0002:00002378       ??_C@_0CJ@OCLPOCIM@Guest?5CS?5Base?5?5?5?5?5?5?5?5?5?5?5?5?5?5?5?5?5?5@ 0000000000011378     MiniVisorDxe:HostUtils.obj
 0002:000023a8       ??_C@_0CJ@KNEFKGMH@Guest?5SS?5Base?5?5?5?5?5?5?5?5?5?5?5?5?5?5?5?5?5?5@ 00000000000113a8     MiniVisorDxe:HostUtils.obj
 0002:000023d8       ??_C@_0CJ@OBPGIPDH@Guest?5DS?5Base?5?5?5?5?5?5?5?5?5?5?5?5?5?5?5?5?5?5@ 00000000000113d8     MiniVisorDxe:HostUtils.obj
 0002:00002408       ??_C@_0CJ@KFLLKGOG@Guest?5FS?5Base?5?5?5?5?5?5?5?5?5?5?5?5?5?5?5?5?5?5@ 0000000000011408     MiniVisorDxe:HostUtils.obj
 0002:00002438       ??_C@_0CJ@GKCFLBCO@Guest?5GS?5Base?5?5?5?5?5?5?5?5?5?5?5?5?5?5?5?5?5?5@ 0000000000011438     MiniVisorDxe:HostUtils.obj
 0002:00002468       ??_C@_0CJ@JEHGIKIF@Guest?5LDTR?5base?5?5?5?5?5?5?5?5?5?5?5?5?5?5?5?5@ 0000000000011468     MiniVisorDxe:HostUtils.obj
 0002:00002498       ??_C@_0CJ@LADMEHJI@Guest?5TR?5base?5?5?5?5?5?5?5?5?5?5?5?5?5?5?5?5?5?5@ 0000000000011498     MiniVisorDxe:HostUtils.obj
 0002:000024c8       ??_C@_0CJ@NFOABFJJ@Guest?5GDTR?5base?5?5?5?5?5?5?5?5?5?5?5?5?5?5?5?5@ 00000000000114c8     MiniVisorDxe:HostUtils.obj
 0002:000024f8       ??_C@_0CJ@NDHCMOOP@Guest?5IDTR?5base?5?5?5?5?5?5?5?5?5?5?5?5?5?5?5?5@ 00000000000114f8     MiniVisorDxe:HostUtils.obj
 0002:00002528       ??_C@_0CJ@IENLPOGL@Guest?5DR7?5?5?5?5?5?5?5?5?5?5?5?5?5?5?5?5?5?5?5?5?5?5@ 0000000000011528     MiniVisorDxe:HostUtils.obj
 0002:00002558       ??_C@_0CJ@BKIAGAND@Guest?5RSP?5?5?5?5?5?5?5?5?5?5?5?5?5?5?5?5?5?5?5?5?5?5@ 0000000000011558     MiniVisorDxe:HostUtils.obj
 0002:00002588       ??_C@_0CJ@IJFBFEON@Guest?5RIP?5?5?5?5?5?5?5?5?5?5?5?5?5?5?5?5?5?5?5?5?5?5@ 0000000000011588     MiniVisorDxe:HostUtils.obj
 0002:000025b8       ??_C@_0CJ@LECDOHCG@Guest?5RFLAGS?5?5?5?5?5?5?5?5?5?5?5?5?5?5?5?5?5?5?5@ 00000000000115b8     MiniVisorDxe:HostUtils.obj
 0002:000025e8       ??_C@_0CJ@BDEDLFJN@Guest?5pending?5debug?5exceptions?5@ 00000000000115e8     MiniVisorDxe:HostUtils.obj
 0002:00002618       ??_C@_0CJ@OAOOKEHN@Guest?5IA32_SYSENTER_ESP?5?5?5?5?5?5?5?5@ 0000000000011618     MiniVisorDxe:HostUtils.obj
 0002:00002648       ??_C@_0CJ@FHDNKPGG@Guest?5IA32_SYSENTER_EIP?5?5?5?5?5?5?5?5@ 0000000000011648     MiniVisorDxe:HostUtils.obj
 0002:00002678       ??_C@_0CJ@CEMMBEKI@Virtual?9processor?5identifier?5?5?5@ 0000000000011678     MiniVisorDxe:HostUtils.obj
 0002:000026a8       ??_C@_0M@EDDFBGDN@DumpControl@ 00000000000116a8     MiniVisorDxe:HostUtils.obj
 0002:000026b8       ??_C@_0CP@EHDACODP@Posted?9interrupt?5notification?5v@ 00000000000116b8     MiniVisorDxe:HostUtils.obj
 0002:000026e8       ??_C@_0CJ@OGGKIAMI@EPTP?5index?5?5?5?5?5?5?5?5?5?5?5?5?5?5?5?5?5?5?5?5?5@ 00000000000116e8     MiniVisorDxe:HostUtils.obj
 0002:00002718       ??_C@_0CJ@PJELIED@Address?5of?5I?1O?5bitmap?5A?5?5?5?5?5?5?5?5@ 0000000000011718     MiniVisorDxe:HostUtils.obj
 0002:00002748       ??_C@_0CJ@KMMCDOOK@Address?5of?5I?1O?5bitmap?5B?5?5?5?5?5?5?5?5@ 0000000000011748     MiniVisorDxe:HostUtils.obj
 0002:00002778       ??_C@_0CJ@PGFHFAEF@Address?5of?5MSR?5bitmaps?5?5?5?5?5?5?5?5?5@ 0000000000011778     MiniVisorDxe:HostUtils.obj
 0002:000027a8       ??_C@_0CJ@GOMOKKJM@VM?9exit?5MSR?9store?5address?5?5?5?5?5?5@ 00000000000117a8     MiniVisorDxe:HostUtils.obj
 0002:000027d8       ??_C@_0CJ@LJEAMAEM@VM?9exit?5MSR?9load?5address?5?5?5?5?5?5?5@ 00000000000117d8     MiniVisorDxe:HostUtils.obj
 0002:00002808       ??_C@_0CJ@IBKDEEPJ@VM?9entry?5MSR?9load?5address?5?5?5?5?5?5@ 0000000000011808     MiniVisorDxe:HostUtils.obj
 0002:00002838       ??_C@_0CJ@OAEEJCCP@Executive?9VMCS?5pointer?5?5?5?5?5?5?5?5?5@ 0000000000011838     MiniVisorDxe:HostUtils.obj
 0002:00002868       ??_C@_0CJ@IBPEIAPN@PML?5address?5?5?5?5?5?5?5?5?5?5?5?5?5?5?5?5?5?5?5?5@ 0000000000011868     MiniVisorDxe:HostUtils.obj
 0002:00002898       ??_C@_0CJ@NEFANEHJ@TSC?5offset?5?5?5?5?5?5?5?5?5?5?5?5?5?5?5?5?5?5?5?5?5@ 0000000000011898     MiniVisorDxe:HostUtils.obj
 0002:000028c8       ??_C@_0CJ@GINONDGO@Virtual?9APIC?5address?5?5?5?5?5?5?5?5?5?5?5@ 00000000000118c8     MiniVisorDxe:HostUtils.obj
 0002:000028f8       ??_C@_0CJ@DFMCHBAM@APIC?9access?5address?5?5?5?5?5?5?5?5?5?5?5?5@ 00000000000118f8     MiniVisorDxe:HostUtils.obj
 0002:00002928       ??_C@_0CO@BMOJIBPC@Posted?9interrupt?5descriptor?5add@ 0000000000011928     MiniVisorDxe:HostUtils.obj
 0002:00002958       ??_C@_0CJ@FMBFINDD@VM?9function?5controls?5?5?5?5?5?5?5?5?5?5?5@ 0000000000011958     MiniVisorDxe:HostUtils.obj
 0002:00002988       ??_C@_0CJ@HIELHJJH@EPT?5pointer?5?5?5?5?5?5?5?5?5?5?5?5?5?5?5?5?5?5?5?5@ 0000000000011988     MiniVisorDxe:HostUtils.obj
 0002:000029b8       ??_C@_0CJ@BGCGHIOL@EOI?9exit?5bitmap?50?5?5?5?5?5?5?5?5?5?5?5?5?5?5@ 00000000000119b8     MiniVisorDxe:HostUtils.obj
 0002:000029e8       ??_C@_0CJ@LDKNOIOF@EOI?9exit?5bitmap?51?5?5?5?5?5?5?5?5?5?5?5?5?5?5@ 00000000000119e8     MiniVisorDxe:HostUtils.obj
 0002:00002a18       ??_C@_0CJ@IGEAFOLG@EOI?9exit?5bitmap?52?5?5?5?5?5?5?5?5?5?5?5?5?5?5@ 0000000000011a18     MiniVisorDxe:HostUtils.obj
 0002:00002a48       ??_C@_0CJ@CDMLMOLI@EOI?9exit?5bitmap?53?5?5?5?5?5?5?5?5?5?5?5?5?5?5@ 0000000000011a48     MiniVisorDxe:HostUtils.obj
 0002:00002a78       ??_C@_0CJ@JPGBMLHG@EPTP?9list?5address?5?5?5?5?5?5?5?5?5?5?5?5?5?5@ 0000000000011a78     MiniVisorDxe:HostUtils.obj
 0002:00002aa8       ??_C@_0CJ@IIAHJHBJ@VMREAD?9bitmap?5address?5?5?5?5?5?5?5?5?5?5@ 0000000000011aa8     MiniVisorDxe:HostUtils.obj
 0002:00002ad8       ??_C@_0CJ@CDCPGLF@VMWRITE?9bitmap?5address?5?5?5?5?5?5?5?5?5@ 0000000000011ad8     MiniVisorDxe:HostUtils.obj
 0002:00002b08       ??_C@_0DH@KEFFEBDL@Virtualization?9exception?5inform@ 0000000000011b08     MiniVisorDxe:HostUtils.obj
 0002:00002b40       ??_C@_0CJ@NEMAPPCH@XSS?9exiting?5bitmap?5?5?5?5?5?5?5?5?5?5?5?5?5@ 0000000000011b40     MiniVisorDxe:HostUtils.obj
 0002:00002b70       ??_C@_0CJ@EGLHPNIA@ENCLS?9exiting?5bitmap?5?5?5?5?5?5?5?5?5?5?5@ 0000000000011b70     MiniVisorDxe:HostUtils.obj
 0002:00002ba0       ??_C@_0CJ@FELODNAL@TSC?5multiplier?5?5?5?5?5?5?5?5?5?5?5?5?5?5?5?5?5@ 0000000000011ba0     MiniVisorDxe:HostUtils.obj
 0002:00002bd0       ??_C@_0CK@MCPNKADP@Pin?9based?5VM?9execution?5controls@ 0000000000011bd0     MiniVisorDxe:HostUtils.obj
 0002:00002c00       ??_C@_0DI@NEEKJLNN@Primary?5processor?9based?5VM?9exec@ 0000000000011c00     MiniVisorDxe:HostUtils.obj
 0002:00002c38       ??_C@_0CJ@FHCEHIKB@Exception?5bitmap?5?5?5?5?5?5?5?5?5?5?5?5?5?5?5@ 0000000000011c38     MiniVisorDxe:HostUtils.obj
 0002:00002c68       ??_C@_0CJ@OMLDBHNP@Page?9fault?5error?9code?5mask?5?5?5?5?5@ 0000000000011c68     MiniVisorDxe:HostUtils.obj
 0002:00002c98       ??_C@_0CJ@LKEAEDCB@Page?9fault?5error?9code?5match?5?5?5?5@ 0000000000011c98     MiniVisorDxe:HostUtils.obj
 0002:00002cc8       ??_C@_0CJ@HIJBKDDK@CR3?9target?5count?5?5?5?5?5?5?5?5?5?5?5?5?5?5?5@ 0000000000011cc8     MiniVisorDxe:HostUtils.obj
 0002:00002cf8       ??_C@_0CJ@IDFNPLMA@VM?9exit?5controls?5?5?5?5?5?5?5?5?5?5?5?5?5?5?5@ 0000000000011cf8     MiniVisorDxe:HostUtils.obj
 0002:00002d28       ??_C@_0CJ@EHCIBIMM@VM?9exit?5MSR?9store?5count?5?5?5?5?5?5?5?5@ 0000000000011d28     MiniVisorDxe:HostUtils.obj
 0002:00002d58       ??_C@_0CJ@NCACHHAK@VM?9exit?5MSR?9load?5count?5?5?5?5?5?5?5?5?5@ 0000000000011d58     MiniVisorDxe:HostUtils.obj
 0002:00002d88       ??_C@_0CJ@CJMJAGJI@VM?9entry?5controls?5?5?5?5?5?5?5?5?5?5?5?5?5?5@ 0000000000011d88     MiniVisorDxe:HostUtils.obj
 0002:00002db8       ??_C@_0CJ@KIEFPGKJ@VM?9entry?5MSR?9load?5count?5?5?5?5?5?5?5?5@ 0000000000011db8     MiniVisorDxe:HostUtils.obj
 0002:00002de8       ??_C@_0DC@LADGBEKN@VM?9entry?5interruption?9informati@ 0000000000011de8     MiniVisorDxe:HostUtils.obj
 0002:00002e20       ??_C@_0CJ@KHDBLJOB@VM?9entry?5exception?5error?5code?5?5@ 0000000000011e20     MiniVisorDxe:HostUtils.obj
 0002:00002e50       ??_C@_0CJ@CODCPBLP@VM?9entry?5instruction?5length?5?5?5?5@ 0000000000011e50     MiniVisorDxe:HostUtils.obj
 0002:00002e80       ??_C@_0CJ@KHMLFNNN@TPR?5threshold?5?5?5?5?5?5?5?5?5?5?5?5?5?5?5?5?5?5@ 0000000000011e80     MiniVisorDxe:HostUtils.obj
 0002:00002eb0       ??_C@_0DK@BMEAIIBA@Secondary?5processor?9based?5VM?9ex@ 0000000000011eb0     MiniVisorDxe:HostUtils.obj
 0002:00002ef0       ??_C@_0CJ@OJCOJMJH@PLE_Gap?5?5?5?5?5?5?5?5?5?5?5?5?5?5?5?5?5?5?5?5?5?5?5?5@ 0000000000011ef0     MiniVisorDxe:HostUtils.obj
 0002:00002f20       ??_C@_0CJ@FLFEHKPP@PLE_Window?5?5?5?5?5?5?5?5?5?5?5?5?5?5?5?5?5?5?5?5?5@ 0000000000011f20     MiniVisorDxe:HostUtils.obj
 0002:00002f50       ??_C@_0CJ@BKIHJNPD@CR0?5guest?1host?5mask?5?5?5?5?5?5?5?5?5?5?5?5@ 0000000000011f50     MiniVisorDxe:HostUtils.obj
 0002:00002f80       ??_C@_0CJ@PLNCLFBG@CR4?5guest?1host?5mask?5?5?5?5?5?5?5?5?5?5?5?5@ 0000000000011f80     MiniVisorDxe:HostUtils.obj
 0002:00002fb0       ??_C@_0CJ@MDMCDAMM@CR0?5read?5shadow?5?5?5?5?5?5?5?5?5?5?5?5?5?5?5?5@ 0000000000011fb0     MiniVisorDxe:HostUtils.obj
 0002:00002fe0       ??_C@_0CJ@CCJHBICJ@CR4?5read?5shadow?5?5?5?5?5?5?5?5?5?5?5?5?5?5?5?5@ 0000000000011fe0     MiniVisorDxe:HostUtils.obj
 0002:00003010       ??_C@_0CJ@PACAPDMA@CR3?9target?5value?50?5?5?5?5?5?5?5?5?5?5?5?5?5@ 0000000000012010     MiniVisorDxe:HostUtils.obj
 0002:00003040       ??_C@_0CJ@HBAFJGOH@CR3?9target?5value?51?5?5?5?5?5?5?5?5?5?5?5?5?5@ 0000000000012040     MiniVisorDxe:HostUtils.obj
 0002:00003070       ??_C@_0CJ@CJBLDPMP@CR3?9target?5value?52?5?5?5?5?5?5?5?5?5?5?5?5?5@ 0000000000012070     MiniVisorDxe:HostUtils.obj
 0002:000030a0       ??_C@_0CJ@KIDOFKOI@CR3?9target?5value?53?5?5?5?5?5?5?5?5?5?5?5?5?5@ 00000000000120a0     MiniVisorDxe:HostUtils.obj
 0002:000030d0       ??_C@_0EA@CBFKNEML@?$CIMsr?5?$DM?$DN?50x1fff?$CJ?5?$HM?$HM?5?$CI?$CIMsr?5?$DO?$DN?50xc@ 00000000000120d0     MiniVisorDxe:HostUtils.obj
 0002:00003110       ??_C@_0DL@FDAAMDAG@d?3?2a?2compile?2compile?2edk2?2MiniV@ 0000000000012110     MiniVisorDxe:HostUtils.obj
 0002:00003150       ??_C@_0BB@MNOKINCF@UpdateMsrBitmaps@ 0000000000012150     MiniVisorDxe:HostUtils.obj
 0002:00003168       ??_C@_0BC@GDKCDDGB@nativeAccessRight@ 0000000000012168     MiniVisorDxe:Ia32Utils.obj
 0002:00003180       ??_C@_0DL@KJOBNJEC@d?3?2a?2compile?2compile?2edk2?2MiniV@ 0000000000012180     MiniVisorDxe:Ia32Utils.obj
 0002:000031c0       ??_C@_0BG@IJAOFOGK@GetSegmentAccessRight@ 00000000000121c0     MiniVisorDxe:Ia32Utils.obj
 0002:000031d8       ??_C@_0BL@MHGDIGNG@segmentSelector?4Table?5?$DN?$DN?50@ 00000000000121d8     MiniVisorDxe:Ia32Utils.obj
 0002:000031f8       ??_C@_0P@MDDBLAEB@GetSegmentBase@ 00000000000121f8     MiniVisorDxe:Ia32Utils.obj
 0002:00003208       ??_C@_0BN@CLBCHBHM@PdeLarge?9?$DOLargePage?5?$CB?$DN?5FALSE@ 0000000000012208     MiniVisorDxe:MemoryAccess.obj
 0002:00003228       ??_C@_0DO@OLPJPBAI@d?3?2a?2compile?2compile?2edk2?2MiniV@ 0000000000012228     MiniVisorDxe:MemoryAccess.obj
 0002:00003268       ??_C@_0CE@NNJPKOCP@reservedPagePte?9?$DOLargePage?5?$CB?$DN?5F@ 0000000000012268     MiniVisorDxe:MemoryAccess.obj
 0002:00003290       ??_C@_0BH@GEMLINLL@InitializeMemoryAccess@ 0000000000012290     MiniVisorDxe:MemoryAccess.obj
 0002:000032a8       ??_C@_0BG@HHCBIFPJ@level?5?$DN?$DN?5PT_LEVEL_PTE@ 00000000000122a8     MiniVisorDxe:MemoryAccess.obj
 0002:000032c0       ??_C@_0CE@JHGLBPEK@reservedPagePte?9?$DOLargePage?5?$DN?$DN?5F@ 00000000000122c0     MiniVisorDxe:MemoryAccess.obj
 0002:000032e8       ??_C@_0BP@IANNFDJO@Context?9?$DOPte?9?$DOPresent?5?$DN?$DN?5FALSE@ 00000000000122e8     MiniVisorDxe:MemoryAccess.obj
 0002:00003308       ??_C@_0BE@KAFOGAAP@CleanupMemoryAccess@ 0000000000012308     MiniVisorDxe:MemoryAccess.obj
 0002:00003320       ??_C@_0BJ@ECDAMFEE@Context?9?$DOPte?9?$DOFlags?5?$DN?$DN?50@ 0000000000012320     MiniVisorDxe:MemoryAccess.obj
 0002:0000333c       ??_C@_05CCMMMNNJ@MapPa@    000000000001233c     MiniVisorDxe:MemoryAccess.obj
 0002:00003348       ??_C@_0BJ@OHCALPMH@Context?9?$DOPte?9?$DOFlags?5?$CB?$DN?50@ 0000000000012348     MiniVisorDxe:MemoryAccess.obj
 0002:00003368       ??_C@_07DHMPHMDP@UnmapPa@  0000000000012368     MiniVisorDxe:MemoryAccess.obj
 0002:00003370       ??_C@_0BB@PPPGKOKJ@BytesToCopy?5?$CB?$DN?50@ 0000000000012370     MiniVisorDxe:MemoryAccess.obj
 0002:00003388       ??_C@_0BN@EGNADALI@ReadOrWriteOnPhysicalAddress@ 0000000000012388     MiniVisorDxe:MemoryAccess.obj
 0002:000033a8       ??_C@_0DL@JBOBCDIF@BytesToCopy?5?$DM?$DN?5?$CIPAGE_SIZE?5?9?5?$CIPh@ 00000000000123a8     MiniVisorDxe:MemoryAccess.obj
 0002:000033e8       ??_C@_0BP@BBAAJLCF@ReadOrWriteGuestVirtualAddress@ 00000000000123e8     MiniVisorDxe:MemoryAccess.obj
 0002:00003408       ??_C@_0N@CNIBFINJ@Microsoft?5Hv@ 0000000000012408     MiniVisorDxe:HostMain.obj
 0002:00003418       ??_C@_0BG@JCHKNMPL@IP?3?$CF016llx?5PA?3?$CF016llx@ 0000000000012418     MiniVisorDxe:HostMain.obj
 0002:00003430       ??_C@_0BD@EDOGOFFB@HandleEptViolation@ 0000000000012430     MiniVisorDxe:HostMain.obj
 0002:00003448       ??_C@_0BD@NMICPCDN@HandleEptMisconfig@ 0000000000012448     MiniVisorDxe:HostMain.obj
 0002:00003460       ??_C@_0BO@LDLHLDCC@EPT_PML4?3?$CF016llx?5EPTP?3?$CF016llx@ 0000000000012460     MiniVisorDxe:HostMain.obj
 0002:00003480       ??_C@_0BN@MIBPIJOF@Indexes?3?5?$CFllu?5?$CFllu?5?$CFllu?5?$CFllu@ 0000000000012480     MiniVisorDxe:HostMain.obj
 0002:000034a0       ??_C@_0DH@MEJBINFD@interruptInfo?4InterruptionType?5@ 00000000000124a0     MiniVisorDxe:HostMain.obj
 0002:000034d8       ??_C@_0DK@OLHLADLB@d?3?2a?2compile?2compile?2edk2?2MiniV@ 00000000000124d8     MiniVisorDxe:HostMain.obj
 0002:00003518       ??_C@_0BF@GBJLOFFD@HandleExceptionOrNmi@ 0000000000012518     MiniVisorDxe:HostMain.obj
 0002:00003530       ??_C@_0DE@HHGEBHH@interruptInfo?4InterruptionType?5@ 0000000000012530     MiniVisorDxe:HostMain.obj
 0002:00003568       ??_C@_0BO@ELEBKIBF@Found?5ntoskrnl?4exe?5at?5?$CF016llx@ 0000000000012568     MiniVisorDxe:HostMain.obj
 0002:00003588       ??_C@_0CH@CLHBBAC@KeInitAmd64SpecificState?5trigge@ 0000000000012588     MiniVisorDxe:HostMain.obj
 0002:000035b0       ??_C@_0CJ@GPHKECLG@Skipping?5main?5PatchGuard?5initia@ 00000000000125b0     MiniVisorDxe:HostMain.obj
 0002:000035e0       ??_C@_0BN@OPOFOLFL@VM?9exit?5reason?5?$CIFull?$CJ?5?$DN?5?$CF08x@ 00000000000125e0     MiniVisorDxe:HostMain.obj
 0002:00003600       ??_C@_0N@JKKCMNJJ@HandleVmExit@ 0000000000012600     MiniVisorDxe:HostMain.obj
 0002:00003610       ??_C@_0CG@JJPJJMAB@Exception?5or?5interrupt?50x?$CFllx?$CI0@ 0000000000012610     MiniVisorDxe:HostMain.obj
 0002:00003638       ??_C@_0BE@POFDMDBE@HandleHostException@ 0000000000012638     MiniVisorDxe:HostMain.obj
 0002:00003650       ??_C@_0DA@EHMKMIDH@RIP?5?5?9?5?$CF016llx?0?5CS?5?5?9?5?$CF016llx?0?5@ 0000000000012650     MiniVisorDxe:HostMain.obj
 0002:00003680       ??_C@_0CN@LNMNIBCJ@RAX?5?5?9?5?$CF016llx?0?5RCX?5?9?5?$CF016llx?0?5@ 0000000000012680     MiniVisorDxe:HostMain.obj
 0002:000036b0       ??_C@_0CN@LMIBGHPG@RBX?5?5?9?5?$CF016llx?0?5RSP?5?9?5?$CF016llx?0?5@ 00000000000126b0     MiniVisorDxe:HostMain.obj
 0002:000036e0       ??_C@_0BO@BMIABMBJ@RSI?5?5?9?5?$CF016llx?0?5RDI?5?9?5?$CF016llx@ 00000000000126e0     MiniVisorDxe:HostMain.obj
 0002:00003700       ??_C@_0CN@ONPHHFII@R8?5?5?5?9?5?$CF016llx?0?5R9?5?5?9?5?$CF016llx?0?5@ 0000000000012700     MiniVisorDxe:HostMain.obj
 0002:00003730       ??_C@_0CN@FJLIKDLJ@R11?5?5?9?5?$CF016llx?0?5R12?5?9?5?$CF016llx?0?5@ 0000000000012730     MiniVisorDxe:HostMain.obj
 0002:00003760       ??_C@_0BO@LGBHFLJO@R14?5?5?9?5?$CF016llx?0?5R15?5?9?5?$CF016llx@ 0000000000012760     MiniVisorDxe:HostMain.obj
 0002:00003780       ??_C@_0P@NLHMDNOL@CR2?5?5?9?5?$CF016llx@ 0000000000012780     MiniVisorDxe:HostMain.obj
 0002:00003790       ??_C@_0CJ@JHEJJCAN@VM?9exit?5reason?5?$CIfull?$CJ?5?$DN?5?$CF08x?0?5E@ 0000000000012790     MiniVisorDxe:HostMain.obj
 0002:000037c0       ??_C@_0BE@KNCIMICE@HandleVmExitFailure@ 00000000000127c0     MiniVisorDxe:HostMain.obj
 0002:000037d8       ??_C@_0BD@CPKFGIFB@StartingIndex?5?$DN?$DN?50@ 00000000000127d8     MiniVisorDxe:EfiBitmap.obj
 0002:000037f0       ??_C@_0EI@GHONPEDH@d?3?2a?2compile?2compile?2edk2?2MiniV@ 00000000000127f0     MiniVisorDxe:EfiBitmap.obj
 0002:00003838       ??_C@_0CF@KDEKMOJJ@Length?5?$DN?$DN?5BitMapHeader?9?$DOSizeOfB@ 0000000000012838     MiniVisorDxe:EfiBitmap.obj
 0002:00003860       ??_C@_0BH@IACGKAP@Buffer?5?$CB?$DN?5?$CI?$CIvoid?5?$CK?$CJ?50?$CJ@ 0000000000012860     BaseMemoryLibOptDxe:ZeroMemWrapper.obj
 0002:00003880       ??_C@_0EO@NODCJKCJ@d?3?2a?2compile?2compile?2edk2?2MdePk@ 0000000000012880     BaseMemoryLibOptDxe:ZeroMemWrapper.obj
 0002:000038d0       ??_C@_0DG@EEENIGGL@Length?5?$DM?$DN?5?$CI0xFFFFFFFFFFFFFFFFUL@ 00000000000128d0     BaseMemoryLibOptDxe:ZeroMemWrapper.obj
 0002:00003910       ??_C@_0ED@MKGCMJG@?$CILength?5?9?51?$CJ?5?$DM?$DN?5?$CI0xFFFFFFFFFFFF@ 0000000000012910     BaseMemoryLibOptDxe:CopyMemWrapper.obj
 0002:00003960       ??_C@_0EO@GKJAPLOO@d?3?2a?2compile?2compile?2edk2?2MdePk@ 0000000000012960     BaseMemoryLibOptDxe:CopyMemWrapper.obj
 0002:000039b0       ??_C@_0DO@MAOBOFEG@?$CILength?5?9?51?$CJ?5?$DM?$DN?5?$CI0xFFFFFFFFFFFF@ 00000000000129b0     BaseMemoryLibOptDxe:CopyMemWrapper.obj
 0002:000039f0       ??_C@_0BH@MAAHKCPC@String?5?$CB?$DN?5?$CI?$CIvoid?5?$CK?$CJ?50?$CJ@ 00000000000129f0     BaseLib:String.obj
 0002:00003a08       ??_C@_0DK@JLAEFMJE@d?3?2a?2compile?2compile?2edk2?2MdePk@ 0000000000012a08     BaseLib:String.obj
 0002:00003a48       ??_C@_0CD@BDCLIGHD@?$CI?$CIUINTN?$CJ?5String?5?$CG?50x00000001?$CJ?5?$DN@ 0000000000012a48     BaseLib:String.obj
 0002:00003a70       ??_C@_0DI@MDIKFADO@Length?5?$DM?5_gPcd_FixedAtBuild_Pcd@ 0000000000012a70     BaseLib:String.obj
 0002:00003aa8       ??_C@_0BL@IKFBNFIL@AsciiStrSize?5?$CIFirstString?$CJ@ 0000000000012aa8     BaseLib:String.obj
 0002:00003ac8       ??_C@_0BM@EDNOKLLE@AsciiStrSize?5?$CISecondString?$CJ@ 0000000000012ac8     BaseLib:String.obj
 0002:00003ae8       ??_C@_0DO@FAMJAHDE@d?3?2a?2compile?2compile?2edk2?2MdePk@ 0000000000012ae8     BaseLib:SafeString.obj
 0002:00003b28       ??_C@_0BJ@CNKJJNE@?$CIBuffer?5?$CB?$DN?5?$CI?$CIvoid?5?$CK?$CJ?50?$CJ?$CJ@ 0000000000012b28     BaseLib:SafeString.obj
 0002:00003b48       ??_C@_0N@KGHEHMDL@Divisor?5?$CB?$DN?50@ 0000000000012b48     BaseLib:DivU64x32.obj
 0002:00003b58       ??_C@_0DN@GHGOIECJ@d?3?2a?2compile?2compile?2edk2?2MdePk@ 0000000000012b58     BaseLib:DivU64x32.obj
 0002:00003ba0       mHexStr                    0000000000012ba0     BasePrintLib:PrintLibInternal.obj
 0002:00003bb0       mWarningString             0000000000012bb0     BasePrintLib:PrintLibInternal.obj
 0002:00003c50       mErrorString               0000000000012c50     BasePrintLib:PrintLibInternal.obj
 0002:00003f10       ??_C@_0EJ@PKKHMALO@d?3?2a?2compile?2compile?2edk2?2MdePk@ 0000000000012f10     BasePrintLib:PrintLibInternal.obj
 0002:00003f60       ??_C@_0EB@HDGIDCIO@?$CIBufferSize?5?$DM?$DN?5?$CI_gPcd_FixedAtBu@ 0000000000012f60     BasePrintLib:PrintLibInternal.obj
 0002:00003fa8       ??_C@_0BJ@PPAKKDJG@?$CIFormat?5?$CB?$DN?5?$CI?$CIvoid?5?$CK?$CJ?50?$CJ?$CJ@ 0000000000012fa8     BasePrintLib:PrintLibInternal.obj
 0002:00003fd0       ??_C@_0ED@LPDDCECB@?$CIBufferSize?5?$DM?$DN?5?$CI_gPcd_FixedAtBu@ 0000000000012fd0     BasePrintLib:PrintLibInternal.obj
 0002:00004020       ??_C@_0IM@BFJJFLGB@?$CIStrnLenS?5?$CI?$CICHAR16?5?$CK?$CJFormat?0?5?$CI_@ 0000000000013020     BasePrintLib:PrintLibInternal.obj
 0002:000040b0       ??_C@_0ID@PLGJGION@?$CIAsciiStrnLenS?5?$CIFormat?0?5?$CI_gPcd_@ 00000000000130b0     BasePrintLib:PrintLibInternal.obj
 0002:00004138       ??_C@_0O@MLOLIMFM@?$DMnull?5string?$DO@ 0000000000013138     BasePrintLib:PrintLibInternal.obj
 0002:00004148       ??_C@_0M@BJJDNPHK@?$DMnull?5guid?$DO@ 0000000000013148     BasePrintLib:PrintLibInternal.obj
 0002:00004158       ??_C@_0DB@PMLHLBMO@?$CF08x?9?$CF04x?9?$CF04x?9?$CF02x?$CF02x?9?$CF02x?$CF02@ 0000000000013158     BasePrintLib:PrintLibInternal.obj
 0002:00004190       ??_C@_0M@LHGBCIKM@?$DMnull?5time?$DO@ 0000000000013190     BasePrintLib:PrintLibInternal.obj
 0002:000041a0       ??_C@_0BK@FCPKCIDD@?$CF02d?1?$CF02d?1?$CF04d?5?5?$CF02d?3?$CF02d@ 00000000000131a0     BasePrintLib:PrintLibInternal.obj
 0002:000041bc       ??_C@_04JIMNDDED@?$CF08X@  00000000000131bc     BasePrintLib:PrintLibInternal.obj
 0002:000041c4       ??_C@_02PCIJFNDE@?$AN?6@   00000000000131c4     BasePrintLib:PrintLibInternal.obj
 0002:000041c8       ??_C@_01LIIJDEN@?$AN@      00000000000131c8     BasePrintLib:PrintLibInternal.obj
 0002:000041d0       ??_C@_0BH@LKMBFCBF@Format?5?$CB?$DN?5?$CI?$CIvoid?5?$CK?$CJ?50?$CJ@ 00000000000131d0     BaseDebugLibSerialPort:DebugLib.obj
 0002:000041f0       ??_C@_0EL@LEDPNIJO@d?3?2a?2compile?2compile?2edk2?2MdePk@ 00000000000131f0     BaseDebugLibSerialPort:DebugLib.obj
 0002:00004240       ??_C@_0BI@NOCKJDBJ@ASSERT?5?$FL?$CFa?$FN?5?$CFa?$CI?$CFd?$CJ?3?5?$CFa?6@ 0000000000013240     BaseDebugLibSerialPort:DebugLib.obj
 0002:00004258       ??_C@_0BN@COECPDCC@gImageHandle?5?$CB?$DN?5?$CI?$CIvoid?5?$CK?$CJ?50?$CJ@ 0000000000013258     UefiBootServicesTableLib:UefiBootServicesTableLib.obj
 0002:00004280       ??_C@_0FN@BABIEPNM@d?3?2a?2compile?2compile?2edk2?2MdePk@ 0000000000013280     UefiBootServicesTableLib:UefiBootServicesTableLib.obj
 0002:000042e0       ??_C@_0BE@DGNHAHIL@gST?5?$CB?$DN?5?$CI?$CIvoid?5?$CK?$CJ?50?$CJ@ 00000000000132e0     UefiBootServicesTableLib:UefiBootServicesTableLib.obj
 0002:000042f8       ??_C@_0BE@BDFJLGLN@gBS?5?$CB?$DN?5?$CI?$CIvoid?5?$CK?$CJ?50?$CJ@ 00000000000132f8     UefiBootServicesTableLib:UefiBootServicesTableLib.obj
 0002:00004310       ??_C@_0L@LBCNCHJA@Pages?5?$CB?$DN?50@ 0000000000013310     UefiMemoryAllocationLib:MemoryAllocationLib.obj
 0002:00004320       ??_C@_0FH@LOJHDCAM@d?3?2a?2compile?2compile?2edk2?2MdePk@ 0000000000013320     UefiMemoryAllocationLib:MemoryAllocationLib.obj
 0002:00004378       ??_C@_0BE@OBDFIHND@gRT?5?$CB?$DN?5?$CI?$CIvoid?5?$CK?$CJ?50?$CJ@ 0000000000013378     UefiRuntimeServicesTableLib:UefiRuntimeServicesTableLib.obj
 0002:00004390       ??_C@_0GD@HPHPDFOF@d?3?2a?2compile?2compile?2edk2?2MdePk@ 0000000000013390     UefiRuntimeServicesTableLib:UefiRuntimeServicesTableLib.obj
 0002:000043f4       mUefiDevicePathLibEndDevicePath 00000000000133f4     UefiDevicePathLibDevicePathProtocol:UefiDevicePathLib.obj
 0002:00004400       ??_C@_0GB@KKMNNPJC@d?3?2a?2compile?2compile?2edk2?2MdePk@ 0000000000013400     UefiDevicePathLibDevicePathProtocol:UefiDevicePathLib.obj
 0002:00004468       ??_C@_0DC@CNNBPJA@mDevicePathLibDevicePathUtiliti@ 0000000000013468     UefiDevicePathLibDevicePathProtocol:UefiDevicePathLib.obj
 0002:000044a0       ??_C@_0BJ@FKJAAJLB@SpinLock?5?$CB?$DN?5?$CI?$CIvoid?5?$CK?$CJ?50?$CJ@ 00000000000134a0     BaseSynchronizationLib:SynchronizationMsc.obj
 0002:000044c0       ??_C@_0FF@BCFOPNJN@d?3?2a?2compile?2compile?2edk2?2MdePk@ 00000000000134c0     BaseSynchronizationLib:SynchronizationMsc.obj
 0002:00004518       ??_C@_0BA@DCBACGFG@Total?5?$DM?5Timeout@ 0000000000013518     BaseSynchronizationLib:SynchronizationMsc.obj
 0002:00004528       ??_C@_0DF@GPAOIIHK@LockValue?5?$DN?$DN?5?$CI?$CIUINTN?$CJ?52?$CJ?5?$HM?$HM?5Loc@ 0000000000013528     BaseSynchronizationLib:SynchronizationMsc.obj
 0002:00004560       ??_C@_0BG@GJANEBOB@Value?5?$CB?$DN?5?$CI?$CIvoid?5?$CK?$CJ?50?$CJ@ 0000000000013560     BaseSynchronizationLib:SynchronizationMsc.obj
 0002:00004578       ??_C@_0BC@FEDIJHFF@?$CI?$CIBOOLEAN?$CJ?$CI0?$DN?$DN1?$CJ?$CJ@ 0000000000013578     BaseSynchronizationLib:SynchronizationMsc.obj
 0002:00004590       ??_C@_0EG@PKAAKJFD@d?3?2a?2compile?2compile?2edk2?2MdePk@ 0000000000013590     BaseLib:DivU64x32Remainder.obj
 0002:000045d8       ??_C@_0DN@IMIJEFPC@d?3?2a?2compile?2compile?2edk2?2MdePk@ 00000000000135d8     BaseLib:Unaligned.obj
 0002:00004620       ??_C@_0FB@FGJOCKPO@d?3?2a?2compile?2compile?2edk2?2MdePk@ 0000000000013620     BaseTimerLibNullTemplate:TimerLibNull.obj
 0002:000046c8       __volatile_metadata        00000000000136c8     <linker-defined>
 0003:00000000       gEfiDevicePathProtocolGuid 0000000000014000     MiniVisorDxe:AutoGen.obj
 0003:00000010       gEfiSimpleTextOutProtocolGuid 0000000000014010     MiniVisorDxe:AutoGen.obj
 0003:00000020       gEfiCallerIdGuid           0000000000014020     MiniVisorDxe:AutoGen.obj
 0003:00000030       gEdkiiDscPlatformGuid      0000000000014030     MiniVisorDxe:AutoGen.obj
 0003:00000040       gEfiCallerBaseName         0000000000014040     MiniVisorDxe:AutoGen.obj
 0003:00000048       gEfiEventExitBootServicesGuid 0000000000014048     MiniVisorDxe:AutoGen.obj
 0003:00000058       gEfiMdePkgTokenSpaceGuid   0000000000014058     MiniVisorDxe:AutoGen.obj
 0003:00000068       gEfiEventReadyToBootGuid   0000000000014068     MiniVisorDxe:AutoGen.obj
 0003:00000078       gEfiEventLegacyBootGuid    0000000000014078     MiniVisorDxe:AutoGen.obj
 0003:00000088       gEfiGlobalVariableGuid     0000000000014088     MiniVisorDxe:AutoGen.obj
 0003:00000098       gEfiAcpi20TableGuid        0000000000014098     MiniVisorDxe:AutoGen.obj
 0003:000000a8       gEfiAcpi10TableGuid        00000000000140a8     MiniVisorDxe:AutoGen.obj
 0003:000000b8       gEfiLoadedImageProtocolGuid 00000000000140b8     MiniVisorDxe:AutoGen.obj
 0003:000000c8       gEfiMpServiceProtocolGuid  00000000000140c8     MiniVisorDxe:AutoGen.obj
 0003:000000d8       gPcdProtocolGuid           00000000000140d8     MiniVisorDxe:AutoGen.obj
 0003:000000e8       gEfiPcdProtocolGuid        00000000000140e8     MiniVisorDxe:AutoGen.obj
 0003:000000f8       gGetPcdInfoProtocolGuid    00000000000140f8     MiniVisorDxe:AutoGen.obj
 0003:00000108       gEfiGetPcdInfoProtocolGuid 0000000000014108     MiniVisorDxe:AutoGen.obj
 0003:00000118       gEfiDevicePathUtilitiesProtocolGuid 0000000000014118     MiniVisorDxe:AutoGen.obj
 0003:00000128       gEfiDevicePathToTextProtocolGuid 0000000000014128     MiniVisorDxe:AutoGen.obj
 0003:00000138       gEfiDevicePathFromTextProtocolGuid 0000000000014138     MiniVisorDxe:AutoGen.obj
 0003:00000148       gEfiDriverBindingProtocolGuid 0000000000014148     MiniVisorDxe:AutoGen.obj
 0003:00000158       gEfiGraphicsOutputProtocolGuid 0000000000014158     MiniVisorDxe:AutoGen.obj
 0003:00000168       gEfiHiiFontProtocolGuid    0000000000014168     MiniVisorDxe:AutoGen.obj
 0003:00000178       gEfiSimpleFileSystemProtocolGuid 0000000000014178     MiniVisorDxe:AutoGen.obj
 0003:00000188       gEfiUgaDrawProtocolGuid    0000000000014188     MiniVisorDxe:AutoGen.obj
 0003:00000198       gEfiComponentNameProtocolGuid 0000000000014198     MiniVisorDxe:AutoGen.obj
 0003:000001a8       gEfiComponentName2ProtocolGuid 00000000000141a8     MiniVisorDxe:AutoGen.obj
 0003:000001b8       gEfiDriverConfigurationProtocolGuid 00000000000141b8     MiniVisorDxe:AutoGen.obj
 0003:000001c8       gEfiDriverConfiguration2ProtocolGuid 00000000000141c8     MiniVisorDxe:AutoGen.obj
 0003:000001d8       gEfiDriverDiagnosticsProtocolGuid 00000000000141d8     MiniVisorDxe:AutoGen.obj
 0003:000001e8       gEfiDriverDiagnostics2ProtocolGuid 00000000000141e8     MiniVisorDxe:AutoGen.obj
 0003:00000258       gUartBase                  0000000000014258     PcAtSerialPortLib:SerialPortLib.obj
 0003:0000025a       gData                      000000000001425a     PcAtSerialPortLib:SerialPortLib.obj
 0003:0000025b       gStop                      000000000001425b     PcAtSerialPortLib:SerialPortLib.obj
 0003:00000260       gBps                       0000000000014260     PcAtSerialPortLib:SerialPortLib.obj
 0003:00001000       _gPcd_SkuId_Array          0000000000015000     MiniVisorDxe:AutoGen.obj
 0003:002070a8       gImageHandle               000000000021b0a8     UefiBootServicesTableLib:UefiBootServicesTableLib.obj
 0003:002070b0       gST                        000000000021b0b0     UefiBootServicesTableLib:UefiBootServicesTableLib.obj
 0003:002070b8       gBS                        000000000021b0b8     UefiBootServicesTableLib:UefiBootServicesTableLib.obj
 0003:002070c0       gRT                        000000000021b0c0     UefiRuntimeServicesTableLib:UefiRuntimeServicesTableLib.obj
 0003:002070c8       mDevicePathLibDevicePathUtilities 000000000021b0c8     UefiDevicePathLibDevicePathProtocol:UefiDevicePathLib.obj
 0003:002070d0       mDevicePathLibDevicePathToText 000000000021b0d0     UefiDevicePathLibDevicePathProtocol:UefiDevicePathLib.obj
 0003:002070d8       mDevicePathLibDevicePathFromText 000000000021b0d8     UefiDevicePathLibDevicePathProtocol:UefiDevicePathLib.obj
 0003:002070e0       gParity                    000000000021b0e0     PcAtSerialPortLib:SerialPortLib.obj
 0003:002070e1       gBreakSet                  000000000021b0e1     PcAtSerialPortLib:SerialPortLib.obj
 0003:002070e8       gNullVaList                000000000021b0e8     <common>

 entry point at        0001:00000240

 Static symbols

 0001:0000004a       InternalMemCopyMem.0       000000000000104a     BaseMemoryLibOptDxe:CopyMem.obj
 0001:00000065       InternalMemCopyMem.1       0000000000001065     BaseMemoryLibOptDxe:CopyMem.obj
 0001:0000007b       InternalMemCopyMem.2       000000000000107b     BaseMemoryLibOptDxe:CopyMem.obj
 0001:000000a1       @CopyBackward              00000000000010a1     BaseMemoryLibOptDxe:CopyMem.obj
 0001:000000aa       @CopyBytes                 00000000000010aa     BaseMemoryLibOptDxe:CopyMem.obj
 0001:000001df       AsmCpuid.0                 00000000000011df     BaseLib:CpuId.obj
 0001:000001e4       AsmCpuid.1                 00000000000011e4     BaseLib:CpuId.obj
 0001:000001eb       AsmCpuid.2                 00000000000011eb     BaseLib:CpuId.obj
 0001:000001f4       AsmCpuid.3                 00000000000011f4     BaseLib:CpuId.obj
 0001:00000700       ConvertEfiToMvStatus       0000000000001700 f   MiniVisorDxe:EfiPlatform.obj
 0001:00000760       ConvertMvToEfiStatus       0000000000001760 f   MiniVisorDxe:EfiPlatform.obj
 0001:00000b50       PrintLoadedImageInformation 0000000000001b50 f   MiniVisorDxe:EfiPlatform.obj
 0001:00000db0       ExitBootServicesHandler    0000000000001db0 f   MiniVisorDxe:EfiLogger.obj
 0001:00000f10       RegisterNotification       0000000000001f10 f   MiniVisorDxe:EfiLogger.obj
 0001:00000f90       AdjustControlValue         0000000000001f90 f   MiniVisorDxe:MiniVisor.obj
 0001:00001100       AdjustPinBasedControls     0000000000002100 f   MiniVisorDxe:MiniVisor.obj
 0001:00001170       AdjustProcessorBasedControls 0000000000002170 f   MiniVisorDxe:MiniVisor.obj
 0001:000011e0       AdjustSecondaryProcessorBasedControls 00000000000021e0 f   MiniVisorDxe:MiniVisor.obj
 0001:00001210       AdjustVmEntryControls      0000000000002210 f   MiniVisorDxe:MiniVisor.obj
 0001:00001280       AdjustVmExitControls       0000000000002280 f   MiniVisorDxe:MiniVisor.obj
 0001:00001320       DisableHypervisor          0000000000002320 f   MiniVisorDxe:MiniVisor.obj
 0001:000014e0       DisableHypervisorOnAllProcessors 00000000000024e0 f   MiniVisorDxe:MiniVisor.obj
 0001:00001520       EnableHypervisor           0000000000002520 f   MiniVisorDxe:MiniVisor.obj
 0001:00001790       EnableHypervisorOnAllProcessors 0000000000002790 f   MiniVisorDxe:MiniVisor.obj
 0001:00001a90       InitializeMsrBitmaps       0000000000002a90 f   MiniVisorDxe:MiniVisor.obj
 0001:00001b00       IsMiniVisorInstalled       0000000000002b00 f   MiniVisorDxe:MiniVisor.obj
 0001:00001b20       IsVmxAvailable             0000000000002b20 f   MiniVisorDxe:MiniVisor.obj
 0001:00001d10       SetupVmcs                  0000000000002d10 f   MiniVisorDxe:MiniVisor.obj
 0001:00002b90       $$000000                   0000000000003b90     MiniVisorDxe:Asm.obj
 0001:00002f90       InitializeHostIdt          0000000000003f90 f   MiniVisorDxe:EfiHostInitialization.obj
 0001:00003110       InitializeHostPagingStructures 0000000000004110 f   MiniVisorDxe:EfiHostInitialization.obj
 0001:000034f0       BuildEptEntriesFor512Gb    00000000000044f0 f   MiniVisorDxe:ExtendedPageTables.obj
 0001:000039c0       CleanupTables              00000000000049c0 f   MiniVisorDxe:ExtendedPageTables.obj
 0001:00006b00       GetSegmentBaseByDescriptor 0000000000007b00 f   MiniVisorDxe:Ia32Utils.obj
 0001:00006bd0       GetSegmentDescriptor       0000000000007bd0 f   MiniVisorDxe:Ia32Utils.obj
 0001:00007340       GetPteForVa                0000000000008340 f   MiniVisorDxe:MemoryAccess.obj
 0001:00007770       MapPa                      0000000000008770 f   MiniVisorDxe:MemoryAccess.obj
 0001:000078e0       ReadOrWriteGuestVirtualAddress 00000000000088e0 f   MiniVisorDxe:MemoryAccess.obj
 0001:00007bb0       ReadOrWriteOnPhysicalAddress 0000000000008bb0 f   MiniVisorDxe:MemoryAccess.obj
 0001:00007cd0       Split2MbPage               0000000000008cd0 f   MiniVisorDxe:MemoryAccess.obj
 0001:00007ec0       UnmapPa                    0000000000008ec0 f   MiniVisorDxe:MemoryAccess.obj
 0001:00007f40       HandleCpuid                0000000000008f40 f   MiniVisorDxe:HostMain.obj
 0001:000080a0       HandleCrAccess             00000000000090a0 f   MiniVisorDxe:HostMain.obj
[...]
 0001:0000cabc       $LN245                     000000000000dabc     BasePrintLib:PrintLibInternal.obj
 0001:0000cafc       $LN244                     000000000000dafc     BasePrintLib:PrintLibInternal.obj
 0002:000001a0       k_StatusMapping            000000000000f1a0     MiniVisorDxe:EfiPlatform.obj
 0002:00000500       ?debugLevelMapping@?1??LogMessage@@9@9 000000000000f500     MiniVisorDxe:EfiLogger.obj
 0002:00000600       ?hostSegmentSelectorMask@?1??SetupVmcs@@9@9 000000000000f600     MiniVisorDxe:MiniVisor.obj
 0002:00000608       ?registrations@?1??InitializeMsrBitmaps@@9@9 000000000000f608     MiniVisorDxe:MiniVisor.obj
 0002:00000f00       ?sizeOfHandlerTill0x7f@?3??InitializeHostIdt@@9@9 000000000000ff00     MiniVisorDxe:EfiHostInitialization.obj
 0002:00000f08       ?sizeOfHandlerFrom0x80@?3??InitializeHostIdt@@9@9 000000000000ff08     MiniVisorDxe:EfiHostInitialization.obj
 0002:00001050       ?twoMegaByte@?1??BuildEptEntriesFor512Gb@@9@9 0000000000010050     MiniVisorDxe:ExtendedPageTables.obj
 0002:000014a0       ?rangeInformation@?1??InitializeMemoryTypeMapping@@9@9 00000000000104a0     MiniVisorDxe:MemoryType.obj
 0003:00000200       k_VmcallHandlers           0000000000014200     MiniVisorDxe:HostMain.obj
 0003:00000210       EncodingTable              0000000000014210     BaseLib:String.obj
 0003:00001008       g_MpServices               0000000000015008     MiniVisorDxe:EfiPlatform.obj
 0003:00001010       g_EfiExitBootServicesEvent 0000000000015010     MiniVisorDxe:EfiLogger.obj
 0003:00001018       g_AtRuntime                0000000000015018     MiniVisorDxe:EfiLogger.obj
 0003:00002000       g_HostPagingStructures     0000000000016000     MiniVisorDxe:EfiHostInitialization.obj
 0003:00204000       g_HostCr3                  0000000000218000     MiniVisorDxe:EfiHostInitialization.obj
 0003:00204010       g_HostIdt                  0000000000218010     MiniVisorDxe:EfiHostInitialization.obj
 0003:00205010       g_HostIdtr                 0000000000219010     MiniVisorDxe:EfiHostInitialization.obj
 0003:00205020       g_MemoryManager            0000000000219020     MiniVisorDxe:MemoryManager.obj
 0003:00205070       g_MtrrDatabase             0000000000219070     MiniVisorDxe:MemoryType.obj
 0003:002070a0       ?isKeInitAmd64SpecificStateCalled@?1??HandleExceptionOrNmi@@9@9 000000000021b0a0     MiniVisorDxe:HostMain.obj
 0005:00000000       $unwind$StrnLenS           000000000021d000     BaseLib:SafeString.obj
 0005:00000000       $unwind$DevicePathLibConstructor 000000000021d000     UefiDevicePathLibDevicePathProtocol:UefiDevicePathLib.obj
 0005:00000000       $unwind$_ModuleEntryPoint  000000000021d000     UefiDriverEntryPoint:DriverEntryPoint.obj
 0005:00000000       $unwind$FreePages          000000000021d000     UefiMemoryAllocationLib:MemoryAllocationLib.obj
 0005:00000000       $unwind$ProcessLibraryConstructorList 000000000021d000     MiniVisorDxe:AutoGen.obj
 0005:00000000       $unwind$SelectEffectiveRegister 000000000021d000     MiniVisorDxe:HostMain.obj
 0005:00000000       $unwind$VmxWrite           000000000021d000     MiniVisorDxe:HostUtils.obj
 0005:00000000       $unwind$MapPa              000000000021d000     MiniVisorDxe:MemoryAccess.obj
 0005:00000008       $unwind$IoRead8            000000000021d008     BaseIoLibIntrinsicSev:IoLibMsc.obj
 0005:00000008       $unwind$AsciiStrLen        000000000021d008     BaseLib:String.obj
 0005:00000008       $unwind$ReleaseSpinLock    000000000021d008     BaseSynchronizationLib:SynchronizationMsc.obj
 0005:00000008       $unwind$UefiDevicePathLibLocateProtocol 000000000021d008     UefiDevicePathLibDevicePathProtocol:UefiDevicePathLib.obj
 0005:00000008       $unwind$_DriverUnloadHandler 000000000021d008     UefiDriverEntryPoint:DriverEntryPoint.obj
 0005:00000008       $unwind$FreePool           000000000021d008     UefiMemoryAllocationLib:MemoryAllocationLib.obj
 0005:00000008       $unwind$HandleHostException 000000000021d008     MiniVisorDxe:HostMain.obj
 0005:00000008       $unwind$HandleStartupIpi   000000000021d008     MiniVisorDxe:HostMain.obj
 0005:00000008       $unwind$HandleVmCall       000000000021d008     MiniVisorDxe:HostMain.obj
 0005:00000008       $unwind$HandleXsetbv       000000000021d008     MiniVisorDxe:HostMain.obj
 0005:00000008       $unwind$AdjustGuestCr0     000000000021d008     MiniVisorDxe:HostUtils.obj
 0005:00000008       $unwind$AdvanceGuestInstructionPointer 000000000021d008     MiniVisorDxe:HostUtils.obj
 0005:00000008       $unwind$SwitchGuestPagingMode 000000000021d008     MiniVisorDxe:HostUtils.obj
 0005:00000008       $unwind$GetSegmentBaseByDescriptor 000000000021d008     MiniVisorDxe:Ia32Utils.obj
 0005:00000008       $unwind$CleanupMemoryAccess 000000000021d008     MiniVisorDxe:MemoryAccess.obj
 0005:00000008       $unwind$UnmapPa            000000000021d008     MiniVisorDxe:MemoryAccess.obj
 0005:00000008       $unwind$AdjustPinBasedControls 000000000021d008     MiniVisorDxe:MiniVisor.obj
 0005:00000008       $unwind$AdjustProcessorBasedControls 000000000021d008     MiniVisorDxe:MiniVisor.obj
 0005:00000008       $unwind$AdjustVmEntryControls 000000000021d008     MiniVisorDxe:MiniVisor.obj
 0005:00000008       $unwind$AdjustVmExitControls 000000000021d008     MiniVisorDxe:MiniVisor.obj
 0005:00000008       $unwind$InitializeMsrBitmaps 000000000021d008     MiniVisorDxe:MiniVisor.obj
 0005:00000008       $unwind$CleanupGdt         000000000021d008     MiniVisorDxe:EfiHostInitialization.obj
 0005:00000008       $unwind$AllocateSystemMemory 000000000021d008     MiniVisorDxe:EfiPlatform.obj
 0005:00000010       $unwind$AsciiStrCmp        000000000021d010     BaseLib:String.obj
 0005:00000010       $unwind$ZeroMem            000000000021d010     BaseMemoryLibOptDxe:ZeroMemWrapper.obj
 0005:00000010       $unwind$GetPerformanceCounterProperties 000000000021d010     BaseTimerLibNullTemplate:TimerLibNull.obj
 0005:00000010       $unwind$UefiBootServicesTableLibConstructor 000000000021d010     UefiBootServicesTableLib:UefiBootServicesTableLib.obj
 0005:00000010       $unwind$UefiRuntimeServicesTableLibConstructor 000000000021d010     UefiRuntimeServicesTableLib:UefiRuntimeServicesTableLib.obj
 0005:00000010       $unwind$ProcessModuleEntryPointList 000000000021d010     MiniVisorDxe:AutoGen.obj
 0005:00000010       $unwind$GetMemoryTypeForRange 000000000021d010     MiniVisorDxe:MemoryType.obj
 0005:00000010       $unwind$ExitBootServicesHandler 000000000021d010     MiniVisorDxe:EfiLogger.obj
 0005:00000010       $unwind$DriverEntry        000000000021d010     MiniVisorDxe:EfiPlatform.obj
 0005:00000010       $unwind$FreeReservedVirtualAddress 000000000021d010     MiniVisorDxe:EfiPlatform.obj
 0005:00000010       $unwind$FreeSystemMemory   000000000021d010     MiniVisorDxe:EfiPlatform.obj
 0005:00000018       $unwind$AsciiStrSize       000000000021d018     BaseLib:String.obj
 0005:00000018       $unwind$ReadUnaligned16    000000000021d018     BaseLib:Unaligned.obj
 0005:00000018       $unwind$ReadUnaligned32    000000000021d018     BaseLib:Unaligned.obj
 0005:00000018       $unwind$InitializeSpinLock 000000000021d018     BaseSynchronizationLib:SynchronizationMsc.obj
 0005:00000018       $unwind$AllocateRuntimePages 000000000021d018     UefiMemoryAllocationLib:MemoryAllocationLib.obj
 0005:00000018       $unwind$ProcessModuleUnloadList 000000000021d018     MiniVisorDxe:AutoGen.obj
 0005:00000018       $unwind$CleanupExtendedPageTables 000000000021d018     MiniVisorDxe:ExtendedPageTables.obj
 0005:00000018       $unwind$HandleHalt         000000000021d018     MiniVisorDxe:HostMain.obj
 0005:00000018       $unwind$HandleMsrRead      000000000021d018     MiniVisorDxe:HostMain.obj
 0005:00000018       $unwind$HandleMsrWrite     000000000021d018     MiniVisorDxe:HostMain.obj
 0005:00000018       $unwind$HandleNmiWindow    000000000021d018     MiniVisorDxe:HostMain.obj
 0005:00000018       $unwind$AdjustGuestCr4     000000000021d018     MiniVisorDxe:HostUtils.obj
 0005:00000018       $unwind$AdjustCr0          000000000021d018     MiniVisorDxe:Ia32Utils.obj
 0005:00000018       $unwind$AdjustCr4          000000000021d018     MiniVisorDxe:Ia32Utils.obj
 0005:00000018       $unwind$AdjustSecondaryProcessorBasedControls 000000000021d018     MiniVisorDxe:MiniVisor.obj
 0005:00000018       $unwind$AcquireSystemSpinLock 000000000021d018     MiniVisorDxe:EfiPlatform.obj
 0005:00000018       $unwind$DriverUnload       000000000021d018     MiniVisorDxe:EfiPlatform.obj
 0005:00000018       $unwind$InitializeSystemSpinLock 000000000021d018     MiniVisorDxe:EfiPlatform.obj
 0005:00000018       $unwind$ReserveVirtualAddress 000000000021d018     MiniVisorDxe:EfiPlatform.obj
 0005:00000020       $unwind$CpuDeadLoop        000000000021d020     BaseLib:CpuDeadLoop.obj
 0005:00000020       $unwind$IsGuestInKernelMode 000000000021d020     MiniVisorDxe:HostUtils.obj
 0005:00000020       $unwind$DisableHypervisorOnAllProcessors 000000000021d020     MiniVisorDxe:MiniVisor.obj
 0005:00000020       $unwind$InitializeMiniVisor 000000000021d020     MiniVisorDxe:MiniVisor.obj
 0005:00000020       $unwind$IsVmxAvailableEx   000000000021d020     MiniVisorDxe:EfiHostInitialization.obj
 0005:00000020       $unwind$InitializeLogger   000000000021d020     MiniVisorDxe:EfiLogger.obj
 0005:00000020       $unwind$GetCurrentProcessorNumber 000000000021d020     MiniVisorDxe:EfiPlatform.obj
 0005:00000020       $unwind$InitializePlatform 000000000021d020     MiniVisorDxe:EfiPlatform.obj
 0005:00000020       $unwind$SerialPortInitialize 000000000021d020     PcAtSerialPortLib:SerialPortLib.obj
 0005:00000028       $unwind$BaseDebugLibSerialPortConstructor 000000000021d028     BaseDebugLibSerialPort:DebugLib.obj
 0005:00000028       $unwind$GetPerformanceCounter 000000000021d028     BaseTimerLibNullTemplate:TimerLibNull.obj
 0005:00000028       $unwind$DumpControl        000000000021d028     MiniVisorDxe:HostUtils.obj
 0005:00000028       $unwind$DumpGuestState     000000000021d028     MiniVisorDxe:HostUtils.obj
 0005:00000028       $unwind$DumpHostState      000000000021d028     MiniVisorDxe:HostUtils.obj
 0005:00000028       $unwind$CleanupMiniVisor   000000000021d028     MiniVisorDxe:MiniVisor.obj
 0005:00000028       $unwind$IsMiniVisorInstalled 000000000021d028     MiniVisorDxe:MiniVisor.obj
 0005:00000028       $unwind$InitializeHostEnvironment 000000000021d028     MiniVisorDxe:EfiHostInitialization.obj
 0005:00000028       $unwind$CleanupLogger      000000000021d028     MiniVisorDxe:EfiLogger.obj
 0005:00000028       $unwind$CleanupPlatform    000000000021d028     MiniVisorDxe:EfiPlatform.obj
 0005:00000030       $unwind$InitializeHostIdt  000000000021d030     MiniVisorDxe:EfiHostInitialization.obj
 0005:00000030       $unwind$RegisterNotification 000000000021d030     MiniVisorDxe:EfiLogger.obj
 0005:00000030       $unwind$GetActiveProcessorCount 000000000021d030     MiniVisorDxe:EfiPlatform.obj
 0005:00000038       $unwind$InitializeMemoryAccess 000000000021d038     MiniVisorDxe:MemoryAccess.obj
 0005:00000038       $unwind$RunOnAllProcessors 000000000021d038     MiniVisorDxe:EfiPlatform.obj
 0005:00000040       $unwind$DivU64x32          000000000021d040     BaseLib:DivU64x32.obj
 0005:00000040       $unwind$ReleaseSystemSpinLock 000000000021d040     MiniVisorDxe:EfiPlatform.obj
 0005:00000048       $unwind$MmAllocatePages    000000000021d048     MiniVisorDxe:MemoryManager.obj
 0005:00000048       $unwind$ConvertMvToEfiStatus 000000000021d048     MiniVisorDxe:EfiPlatform.obj
 0005:00000050       $unwind$DebugPrintLevelEnabled 000000000021d050     BaseDebugLibSerialPort:DebugLib.obj
 0005:00000050       $unwind$ConvertEfiToMvStatus 000000000021d050     MiniVisorDxe:EfiPlatform.obj
 0005:00000058       $unwind$EnableHypervisorOnAllProcessors 000000000021d058     MiniVisorDxe:MiniVisor.obj
 0005:00000058       $unwind$PrintLoadedImageInformation 000000000021d058     MiniVisorDxe:EfiPlatform.obj
 0005:00000060       $unwind$LogMessage         000000000021d060     MiniVisorDxe:EfiLogger.obj
 0005:00000068       $unwind$DebugPrint         000000000021d068     BaseDebugLibSerialPort:DebugLib.obj
 0005:00000068       $unwind$AsciiBSPrint       000000000021d068     BasePrintLib:PrintLib.obj
 0005:00000068       $unwind$AsciiSPrint        000000000021d068     BasePrintLib:PrintLib.obj
 0005:00000068       $unwind$AsciiVSPrint       000000000021d068     BasePrintLib:PrintLib.obj
 0005:00000068       $unwind$LogEarlyErrorMessage 000000000021d068     MiniVisorDxe:EfiLogger.obj
 0005:00000070       $unwind$AdjustControlValue 000000000021d070     MiniVisorDxe:MiniVisor.obj
 0005:00000078       $unwind$InvalidateEptDerivedCache 000000000021d078     MiniVisorDxe:ExtendedPageTables.obj
 0005:00000078       $unwind$InvalidateVpidDerivedCache 000000000021d078     MiniVisorDxe:ExtendedPageTables.obj
 0005:00000078       $unwind$HandleEptMisconfig 000000000021d078     MiniVisorDxe:HostMain.obj
 0005:00000078       $unwind$MmFreePages        000000000021d078     MiniVisorDxe:MemoryManager.obj
 0005:00000078       $unwind$DisableHypervisor  000000000021d078     MiniVisorDxe:MiniVisor.obj
 0005:00000080       $unwind$IsVmxAvailable     000000000021d080     MiniVisorDxe:MiniVisor.obj
 0005:00000088       $unwind$SetupVmcs          000000000021d088     MiniVisorDxe:MiniVisor.obj
 0005:00000094       $unwind$HandleCrAccess     000000000021d094     MiniVisorDxe:HostMain.obj
 0005:00000094       $unwind$EnableHypervisor   000000000021d094     MiniVisorDxe:MiniVisor.obj
 0005:000000a0       $xdatasym                  000000000021d0a0     MiniVisorDxe:Asm.obj
 0005:000000ac       $unwind$InitializeGdt      000000000021d0ac     MiniVisorDxe:EfiHostInitialization.obj
 0005:000000b8       $unwind$InitializeHostPagingStructures 000000000021d0b8     MiniVisorDxe:EfiHostInitialization.obj
 0005:000000c0       $unwind$AcquireSpinLockOrFail 000000000021d0c0     BaseSynchronizationLib:SynchronizationMsc.obj
 0005:000000c0       $unwind$InitializeExtendedPageTables 000000000021d0c0     MiniVisorDxe:ExtendedPageTables.obj
 0005:000000c0       $unwind$HandleEptViolation 000000000021d0c0     MiniVisorDxe:HostMain.obj
 0005:000000c0       $unwind$HandleExceptionOrNmi 000000000021d0c0     MiniVisorDxe:HostMain.obj
 0005:000000c0       $unwind$HandleVmExitFailure 000000000021d0c0     MiniVisorDxe:HostMain.obj
 0005:000000c0       $unwind$VmxRead            000000000021d0c0     MiniVisorDxe:HostUtils.obj
 0005:000000c0       $unwind$HandleVmcallUninstall 000000000021d0c0     MiniVisorDxe:HostVmcall.obj
 0005:000000c0       $unwind$GetSegmentAccessRight 000000000021d0c0     MiniVisorDxe:Ia32Utils.obj
 0005:000000c8       $unwind$CleanupTables      000000000021d0c8     MiniVisorDxe:ExtendedPageTables.obj
 0005:000000d0       $unwind$BuildEptEntriesFor512Gb 000000000021d0d0     MiniVisorDxe:ExtendedPageTables.obj
 0005:000000dc       $unwind$MmInitializeMemoryManager 000000000021d0dc     MiniVisorDxe:MemoryManager.obj
 0005:000000e4       $unwind$MmCleanupMemoryManager 000000000021d0e4     MiniVisorDxe:MemoryManager.obj
 0005:000000ec       $unwind$InitializeMemoryTypeMapping 000000000021d0ec     MiniVisorDxe:MemoryType.obj
 0005:000000f8       $unwind$InjectInterruption 000000000021d0f8     MiniVisorDxe:HostUtils.obj
 0005:00000100       $unwind$FindImageBase      000000000021d100     MiniVisorDxe:HostUtils.obj
 0005:00000108       $unwind$UpdateMsrBitmaps   000000000021d108     MiniVisorDxe:HostUtils.obj
 0005:00000110       $unwind$SetNmiWindowExiting 000000000021d110     MiniVisorDxe:HostUtils.obj
 0005:00000118       $unwind$ComputeAddressFromIndexes 000000000021d118     MiniVisorDxe:Ia32Utils.obj
 0005:00000120       $unwind$GetSegmentBase     000000000021d120     MiniVisorDxe:Ia32Utils.obj
 0005:00000120       $unwind$SerialPortWrite    000000000021d120     PcAtSerialPortLib:SerialPortLib.obj
 0005:00000128       $unwind$IsHypervisorPresent 000000000021d128     MiniVisorDxe:Ia32Utils.obj
 0005:00000130       $unwind$AsciiStrnLenS      000000000021d130     BaseLib:SafeString.obj
 0005:00000130       $unwind$GetSegmentDescriptor 000000000021d130     MiniVisorDxe:Ia32Utils.obj
 0005:00000138       $unwind$GetPhysicalAddressForGuest 000000000021d138     MiniVisorDxe:MemoryAccess.obj
 0005:00000140       $unwind$ReadGuestVirtualAddress 000000000021d140     MiniVisorDxe:MemoryAccess.obj
 0005:00000140       $unwind$ReadOrWriteOnPhysicalAddress 000000000021d140     MiniVisorDxe:MemoryAccess.obj
 0005:00000148       $unwind$Split2MbPage       000000000021d148     MiniVisorDxe:MemoryAccess.obj
 0005:00000150       $unwind$GetPteForVa        000000000021d150     MiniVisorDxe:MemoryAccess.obj
 0005:00000158       $unwind$ReadOrWriteGuestVirtualAddress 000000000021d158     MiniVisorDxe:MemoryAccess.obj
 0005:00000160       $unwind$IoWrite8           000000000021d160     BaseIoLibIntrinsicSev:IoLibMsc.obj
 0005:00000160       $unwind$MultU64x32         000000000021d160     BaseLib:MultU64x32.obj
 0005:00000160       $unwind$InternalAllocatePages 000000000021d160     UefiMemoryAllocationLib:MemoryAllocationLib.obj
 0005:00000160       $unwind$HandleMsrAccess    000000000021d160     MiniVisorDxe:HostMain.obj
 0005:00000168       $unwind$HandleCpuid        000000000021d168     MiniVisorDxe:HostMain.obj
 0005:00000170       $unwind$HandleInitSignal   000000000021d170     MiniVisorDxe:HostMain.obj
 0005:00000178       $unwind$AcquireSpinLock    000000000021d178     BaseSynchronizationLib:SynchronizationMsc.obj
 0005:00000178       $unwind$HandleVmExit       000000000021d178     MiniVisorDxe:HostMain.obj
 0005:00000180       $unwind$InternalMathDivRemU64x32 000000000021d180     BaseLib:Math64.obj
 0005:00000180       $unwind$InternalSyncCompareExchange32 000000000021d180     BaseSynchronizationLib:InterlockedCompareExchange32.obj
 0005:00000180       $unwind$RtlFindClearBitsAndSet 000000000021d180     MiniVisorDxe:EfiBitmap.obj
 0005:00000188       $unwind$RtlAreBitsClear    000000000021d188     MiniVisorDxe:EfiBitmap.obj
 0005:00000190       $unwind$DebugVPrint        000000000021d190     BaseDebugLibSerialPort:DebugLib.obj
 0005:00000190       $unwind$CopyMem            000000000021d190     BaseMemoryLibOptDxe:CopyMemWrapper.obj
 0005:00000190       $unwind$InterlockedCompareExchange64 000000000021d190     BaseSynchronizationLib:SynchronizationMsc.obj
 0005:00000198       $unwind$InternalMathDivU64x32 000000000021d198     BaseLib:Math64.obj
 0005:000001a0       $unwind$BasePrintLibSPrintMarker 000000000021d1a0     BasePrintLib:PrintLibInternal.obj
 0005:000001b0       $unwind$BasePrintLibSPrint 000000000021d1b0     BasePrintLib:PrintLibInternal.obj
 0005:000001b8       $unwind$BasePrintLibFillBuffer 000000000021d1b8     BasePrintLib:PrintLibInternal.obj
 0005:000001c0       $unwind$BasePrintLibValueToString 000000000021d1c0     BasePrintLib:PrintLibInternal.obj
 0005:000001c0       $unwind$InterlockedCompareExchangePointer 000000000021d1c0     BaseSynchronizationLib:SynchronizationMsc.obj
 0005:000001c8       $unwind$DebugAssert        000000000021d1c8     BaseDebugLibSerialPort:DebugLib.obj
 0005:000001d0       $unwind$DebugAssertEnabled 000000000021d1d0     BaseDebugLibSerialPort:DebugLib.obj
 0005:000001d0       $unwind$DebugPrintEnabled  000000000021d1d0     BaseDebugLibSerialPort:DebugLib.obj
 0005:000001d8       $unwind$DebugPrintMarker   000000000021d1d8     BaseDebugLibSerialPort:DebugLib.obj
 0005:000001e0       $unwind$DivU64x32Remainder 000000000021d1e0     BaseLib:DivU64x32Remainder.obj
 0005:000001e0       $unwind$InterlockedCompareExchange32 000000000021d1e0     BaseSynchronizationLib:SynchronizationMsc.obj
 0005:000001e0       $unwind$ConvertDevicePathToText 000000000021d1e0     UefiDevicePathLibDevicePathProtocol:UefiDevicePathLib.obj
 0005:000001e8       $unwind$InternalSyncCompareExchange64 000000000021d1e8     BaseSynchronizationLib:InterlockedCompareExchange64.obj
